Apr 30 16:10:34 nginx01-jude kernel: [    0.000000] Linux version 5.15.0-33-generic (buildd@lcy02-amd64-037) (gcc (Ubuntu 11.2.0-19ubuntu1) 11.2.0, GNU ld (GNU Binutils for Ubuntu) 2.38) #34-Ubuntu SMP Wed May 18 13:34:26 UTC 2022 (Ubuntu 5.15.0-33.34-generic 5.15.30)
Apr 30 16:10:34 nginx01-jude kernel: [    0.000000] Command line: BOOT_IMAGE=/vmlinuz-5.15.0-33-generic root=/dev/mapper/ubuntu--vg-ubuntu--lv ro
Apr 30 16:10:34 nginx01-jude kernel: [    0.000000] KERNEL supported cpus:
Apr 30 16:10:34 nginx01-jude kernel: [    0.000000]   Intel GenuineIntel
Apr 30 16:10:34 nginx01-jude kernel: [    0.000000]   AMD AuthenticAMD
Apr 30 16:10:34 nginx01-jude kernel: [    0.000000]   Hygon HygonGenuine
Apr 30 16:10:34 nginx01-jude kernel: [    0.000000]   Centaur CentaurHauls
Apr 30 16:10:34 nginx01-jude kernel: [    0.000000]   zhaoxin   Shanghai  
Apr 30 16:10:34 nginx01-jude kernel: [    0.000000] Disabled fast string operations
Apr 30 16:10:34 nginx01-jude kernel: [    0.000000] x86/fpu: x87 FPU will use FXSAVE
Apr 30 16:10:34 nginx01-jude kernel: [    0.000000] signal: max sigframe size: 1440
Apr 30 16:10:34 nginx01-jude kernel: [    0.000000] BIOS-provided physical RAM map:
Apr 30 16:10:34 nginx01-jude kernel: [    0.000000] BIOS-e820: [mem 0x0000000000000000-0x000000000009f3ff] usable
Apr 30 16:10:34 nginx01-jude kernel: [    0.000000] BIOS-e820: [mem 0x000000000009f400-0x000000000009ffff] reserved
Apr 30 16:10:34 nginx01-jude kernel: [    0.000000] BIOS-e820: [mem 0x00000000000dc000-0x00000000000fffff] reserved
Apr 30 16:10:34 nginx01-jude kernel: [    0.000000] BIOS-e820: [mem 0x0000000000100000-0x000000007fedffff] usable
Apr 30 16:10:34 nginx01-jude kernel: [    0.000000] BIOS-e820: [mem 0x000000007fee0000-0x000000007fefefff] ACPI data
Apr 30 16:10:34 nginx01-jude kernel: [    0.000000] BIOS-e820: [mem 0x000000007feff000-0x000000007fefffff] ACPI NVS
Apr 30 16:10:34 nginx01-jude kernel: [    0.000000] BIOS-e820: [mem 0x000000007ff00000-0x000000007fffffff] usable
Apr 30 16:10:34 nginx01-jude kernel: [    0.000000] BIOS-e820: [mem 0x00000000f0000000-0x00000000f7ffffff] reserved
Apr 30 16:10:34 nginx01-jude kernel: [    0.000000] BIOS-e820: [mem 0x00000000fec00000-0x00000000fec0ffff] reserved
Apr 30 16:10:34 nginx01-jude kernel: [    0.000000] BIOS-e820: [mem 0x00000000fee00000-0x00000000fee00fff] reserved
Apr 30 16:10:34 nginx01-jude kernel: [    0.000000] BIOS-e820: [mem 0x00000000fffe0000-0x00000000ffffffff] reserved
Apr 30 16:10:34 nginx01-jude kernel: [    0.000000] NX (Execute Disable) protection: active
Apr 30 16:10:34 nginx01-jude kernel: [    0.000000] SMBIOS 2.7 present.
Apr 30 16:10:34 nginx01-jude kernel: [    0.000000] DMI: VMware, Inc. VMware Virtual Platform/440BX Desktop Reference Platform, BIOS 6.00 12/12/2018
Apr 30 16:10:34 nginx01-jude kernel: [    0.000000] vmware: hypercall mode: 0x00
Apr 30 16:10:34 nginx01-jude kernel: [    0.000000] Hypervisor detected: VMware
Apr 30 16:10:34 nginx01-jude kernel: [    0.000000] vmware: TSC freq read from hypervisor : 2394.000 MHz
Apr 30 16:10:34 nginx01-jude kernel: [    0.000000] vmware: Host bus clock speed read from hypervisor : 66000000 Hz
Apr 30 16:10:34 nginx01-jude kernel: [    0.000000] vmware: using clock offset of 6488227075 ns
Apr 30 16:10:34 nginx01-jude kernel: [    0.000021] tsc: Detected 2394.000 MHz processor
Apr 30 16:10:34 nginx01-jude kernel: [    0.003405] e820: update [mem 0x00000000-0x00000fff] usable ==> reserved
Apr 30 16:10:34 nginx01-jude kernel: [    0.003410] e820: remove [mem 0x000a0000-0x000fffff] usable
Apr 30 16:10:34 nginx01-jude kernel: [    0.003417] last_pfn = 0x80000 max_arch_pfn = 0x400000000
Apr 30 16:10:34 nginx01-jude kernel: [    0.003474] x86/PAT: Configuration [0-7]: WB  WC  UC- UC  WB  WP  UC- WT  
Apr 30 16:10:34 nginx01-jude kernel: [    0.003500] total RAM covered: 2048M
Apr 30 16:10:34 nginx01-jude kernel: [    0.003702] Found optimal setting for mtrr clean up
Apr 30 16:10:34 nginx01-jude kernel: [    0.003703]  gran_size: 64K 	chunk_size: 64K 	num_reg: 1  	lose cover RAM: 0G
Apr 30 16:10:34 nginx01-jude kernel: [    0.013326] found SMP MP-table at [mem 0x000f6a80-0x000f6a8f]
Apr 30 16:10:34 nginx01-jude kernel: [    0.013728] RAMDISK: [mem 0x2b635000-0x31b11fff]
Apr 30 16:10:34 nginx01-jude kernel: [    0.013739] ACPI: Early table checksum verification disabled
Apr 30 16:10:34 nginx01-jude kernel: [    0.013746] ACPI: RSDP 0x00000000000F6A10 000024 (v02 PTLTD )
Apr 30 16:10:34 nginx01-jude kernel: [    0.013752] ACPI: XSDT 0x000000007FEEFBBC 00005C (v01 INTEL  440BX    06040000 VMW  01324272)
Apr 30 16:10:34 nginx01-jude kernel: [    0.013761] ACPI: FACP 0x000000007FEFEE73 0000F4 (v04 INTEL  440BX    06040000 PTL  000F4240)
Apr 30 16:10:34 nginx01-jude kernel: [    0.013771] ACPI: DSDT 0x000000007FEEFDFC 00F077 (v01 PTLTD  Custom   06040000 MSFT 03000001)
Apr 30 16:10:34 nginx01-jude kernel: [    0.013776] ACPI: FACS 0x000000007FEFFFC0 000040
Apr 30 16:10:34 nginx01-jude kernel: [    0.013781] ACPI: FACS 0x000000007FEFFFC0 000040
Apr 30 16:10:34 nginx01-jude kernel: [    0.013786] ACPI: BOOT 0x000000007FEEFDD4 000028 (v01 PTLTD  $SBFTBL$ 06040000  LTP 00000001)
Apr 30 16:10:34 nginx01-jude kernel: [    0.013791] ACPI: APIC 0x000000007FEEFD84 000050 (v01 PTLTD  ? APIC   06040000  LTP 00000000)
Apr 30 16:10:34 nginx01-jude kernel: [    0.013797] ACPI: MCFG 0x000000007FEEFD48 00003C (v01 PTLTD  $PCITBL$ 06040000  LTP 00000001)
Apr 30 16:10:34 nginx01-jude kernel: [    0.013802] ACPI: SRAT 0x000000007FEEFCB8 000090 (v02 VMWARE MEMPLUG  06040000 VMW  00000001)
Apr 30 16:10:34 nginx01-jude kernel: [    0.013808] ACPI: HPET 0x000000007FEEFC80 000038 (v01 VMWARE VMW HPET 06040000 VMW  00000001)
Apr 30 16:10:34 nginx01-jude kernel: [    0.013813] ACPI: WAET 0x000000007FEEFC58 000028 (v01 VMWARE VMW WAET 06040000 VMW  00000001)
Apr 30 16:10:34 nginx01-jude kernel: [    0.013817] ACPI: Reserving FACP table memory at [mem 0x7fefee73-0x7fefef66]
Apr 30 16:10:34 nginx01-jude kernel: [    0.013819] ACPI: Reserving DSDT table memory at [mem 0x7feefdfc-0x7fefee72]
Apr 30 16:10:34 nginx01-jude kernel: [    0.013821] ACPI: Reserving FACS table memory at [mem 0x7fefffc0-0x7fefffff]
Apr 30 16:10:34 nginx01-jude kernel: [    0.013823] ACPI: Reserving FACS table memory at [mem 0x7fefffc0-0x7fefffff]
Apr 30 16:10:34 nginx01-jude kernel: [    0.013824] ACPI: Reserving BOOT table memory at [mem 0x7feefdd4-0x7feefdfb]
Apr 30 16:10:34 nginx01-jude kernel: [    0.013826] ACPI: Reserving APIC table memory at [mem 0x7feefd84-0x7feefdd3]
Apr 30 16:10:34 nginx01-jude kernel: [    0.013828] ACPI: Reserving MCFG table memory at [mem 0x7feefd48-0x7feefd83]
Apr 30 16:10:34 nginx01-jude kernel: [    0.013830] ACPI: Reserving SRAT table memory at [mem 0x7feefcb8-0x7feefd47]
Apr 30 16:10:34 nginx01-jude kernel: [    0.013831] ACPI: Reserving HPET table memory at [mem 0x7feefc80-0x7feefcb7]
Apr 30 16:10:34 nginx01-jude kernel: [    0.013833] ACPI: Reserving WAET table memory at [mem 0x7feefc58-0x7feefc7f]
Apr 30 16:10:34 nginx01-jude kernel: [    0.013964] SRAT: PXM 0 -> APIC 0x00 -> Node 0
Apr 30 16:10:34 nginx01-jude kernel: [    0.013970] ACPI: SRAT: Node 0 PXM 0 [mem 0x00000000-0x0009ffff]
Apr 30 16:10:34 nginx01-jude kernel: [    0.013973] ACPI: SRAT: Node 0 PXM 0 [mem 0x00100000-0x7fffffff]
Apr 30 16:10:34 nginx01-jude kernel: [    0.013976] NUMA: Node 0 [mem 0x00000000-0x0009ffff] + [mem 0x00100000-0x7fffffff] -> [mem 0x00000000-0x7fffffff]
Apr 30 16:10:34 nginx01-jude kernel: [    0.013990] NODE_DATA(0) allocated [mem 0x7ffd6000-0x7fffffff]
Apr 30 16:10:34 nginx01-jude kernel: [    0.014532] Zone ranges:
Apr 30 16:10:34 nginx01-jude kernel: [    0.014534]   DMA      [mem 0x0000000000001000-0x0000000000ffffff]
Apr 30 16:10:34 nginx01-jude kernel: [    0.014537]   DMA32    [mem 0x0000000001000000-0x000000007fffffff]
Apr 30 16:10:34 nginx01-jude kernel: [    0.014539]   Normal   empty
Apr 30 16:10:34 nginx01-jude kernel: [    0.014541]   Device   empty
Apr 30 16:10:34 nginx01-jude kernel: [    0.014543] Movable zone start for each node
Apr 30 16:10:34 nginx01-jude kernel: [    0.014546] Early memory node ranges
Apr 30 16:10:34 nginx01-jude kernel: [    0.014547]   node   0: [mem 0x0000000000001000-0x000000000009efff]
Apr 30 16:10:34 nginx01-jude kernel: [    0.014549]   node   0: [mem 0x0000000000100000-0x000000007fedffff]
Apr 30 16:10:34 nginx01-jude kernel: [    0.014551]   node   0: [mem 0x000000007ff00000-0x000000007fffffff]
Apr 30 16:10:34 nginx01-jude kernel: [    0.014554] Initmem setup node 0 [mem 0x0000000000001000-0x000000007fffffff]
Apr 30 16:10:34 nginx01-jude kernel: [    0.014568] On node 0, zone DMA: 1 pages in unavailable ranges
Apr 30 16:10:34 nginx01-jude kernel: [    0.014675] On node 0, zone DMA: 97 pages in unavailable ranges
Apr 30 16:10:34 nginx01-jude kernel: [    0.047929] On node 0, zone DMA32: 32 pages in unavailable ranges
Apr 30 16:10:34 nginx01-jude kernel: [    0.060848] ACPI: PM-Timer IO Port: 0x1008
Apr 30 16:10:34 nginx01-jude kernel: [    0.060869] ACPI: LAPIC_NMI (acpi_id[0x00] high edge lint[0x1])
Apr 30 16:10:34 nginx01-jude kernel: [    0.060942] IOAPIC[0]: apic_id 1, version 17, address 0xfec00000, GSI 0-23
Apr 30 16:10:34 nginx01-jude kernel: [    0.060949] ACPI: INT_SRC_OVR (bus 0 bus_irq 0 global_irq 2 high edge)
Apr 30 16:10:34 nginx01-jude kernel: [    0.060957] ACPI: Using ACPI (MADT) for SMP configuration information
Apr 30 16:10:34 nginx01-jude kernel: [    0.060959] ACPI: HPET id: 0x8086af01 base: 0xfed00000
Apr 30 16:10:34 nginx01-jude kernel: [    0.060968] TSC deadline timer available
Apr 30 16:10:34 nginx01-jude kernel: [    0.060984] smpboot: Allowing 1 CPUs, 0 hotplug CPUs
Apr 30 16:10:34 nginx01-jude kernel: [    0.061005] PM: hibernation: Registered nosave memory: [mem 0x00000000-0x00000fff]
Apr 30 16:10:34 nginx01-jude kernel: [    0.061008] PM: hibernation: Registered nosave memory: [mem 0x0009f000-0x0009ffff]
Apr 30 16:10:34 nginx01-jude kernel: [    0.061010] PM: hibernation: Registered nosave memory: [mem 0x000a0000-0x000dbfff]
Apr 30 16:10:34 nginx01-jude kernel: [    0.061012] PM: hibernation: Registered nosave memory: [mem 0x000dc000-0x000fffff]
Apr 30 16:10:34 nginx01-jude kernel: [    0.061015] PM: hibernation: Registered nosave memory: [mem 0x7fee0000-0x7fefefff]
Apr 30 16:10:34 nginx01-jude kernel: [    0.061017] PM: hibernation: Registered nosave memory: [mem 0x7feff000-0x7fefffff]
Apr 30 16:10:34 nginx01-jude kernel: [    0.061020] [mem 0x80000000-0xefffffff] available for PCI devices
Apr 30 16:10:34 nginx01-jude kernel: [    0.061022] Booting paravirtualized kernel on VMware hypervisor
Apr 30 16:10:34 nginx01-jude kernel: [    0.061027] clocksource: refined-jiffies: mask: 0xffffffff max_cycles: 0xffffffff, max_idle_ns: 7645519600211568 ns
Apr 30 16:10:34 nginx01-jude kernel: [    0.061039] setup_percpu: NR_CPUS:8192 nr_cpumask_bits:1 nr_cpu_ids:1 nr_node_ids:1
Apr 30 16:10:34 nginx01-jude kernel: [    0.061620] percpu: Embedded 61 pages/cpu s212992 r8192 d28672 u2097152
Apr 30 16:10:34 nginx01-jude kernel: [    0.061630] pcpu-alloc: s212992 r8192 d28672 u2097152 alloc=1*2097152
Apr 30 16:10:34 nginx01-jude kernel: [    0.061634] pcpu-alloc: [0] 0 
Apr 30 16:10:34 nginx01-jude kernel: [    0.061669] Built 1 zonelists, mobility grouping on.  Total pages: 515808
Apr 30 16:10:34 nginx01-jude kernel: [    0.061671] Policy zone: DMA32
Apr 30 16:10:34 nginx01-jude kernel: [    0.061674] Kernel command line: BOOT_IMAGE=/vmlinuz-5.15.0-33-generic root=/dev/mapper/ubuntu--vg-ubuntu--lv ro
Apr 30 16:10:34 nginx01-jude kernel: [    0.061732] Unknown kernel command line parameters "BOOT_IMAGE=/vmlinuz-5.15.0-33-generic", will be passed to user space.
Apr 30 16:10:34 nginx01-jude kernel: [    0.062199] Dentry cache hash table entries: 262144 (order: 9, 2097152 bytes, linear)
Apr 30 16:10:34 nginx01-jude kernel: [    0.062255] Inode-cache hash table entries: 131072 (order: 8, 1048576 bytes, linear)
Apr 30 16:10:34 nginx01-jude kernel: [    0.062341] mem auto-init: stack:off, heap alloc:on, heap free:off
Apr 30 16:10:34 nginx01-jude kernel: [    0.072857] Memory: 1913072K/2096632K available (16393K kernel code, 4385K rwdata, 10784K rodata, 2900K init, 4848K bss, 183300K reserved, 0K cma-reserved)
Apr 30 16:10:34 nginx01-jude kernel: [    0.072875] random: get_random_u64 called from kmem_cache_open+0x2b/0x320 with crng_init=0
Apr 30 16:10:34 nginx01-jude kernel: [    0.073056] SLUB: HWalign=64, Order=0-3, MinObjects=0, CPUs=1, Nodes=1
Apr 30 16:10:34 nginx01-jude kernel: [    0.073076] Kernel/User page tables isolation: enabled
Apr 30 16:10:34 nginx01-jude kernel: [    0.073105] ftrace: allocating 50367 entries in 197 pages
Apr 30 16:10:34 nginx01-jude kernel: [    0.097804] ftrace: allocated 197 pages with 4 groups
Apr 30 16:10:34 nginx01-jude kernel: [    0.097986] rcu: Hierarchical RCU implementation.
Apr 30 16:10:34 nginx01-jude kernel: [    0.097989] rcu: 	RCU restricting CPUs from NR_CPUS=8192 to nr_cpu_ids=1.
Apr 30 16:10:34 nginx01-jude kernel: [    0.097992] 	Rude variant of Tasks RCU enabled.
Apr 30 16:10:34 nginx01-jude kernel: [    0.097993] 	Tracing variant of Tasks RCU enabled.
Apr 30 16:10:34 nginx01-jude kernel: [    0.097995] rcu: RCU calculated value of scheduler-enlistment delay is 25 jiffies.
Apr 30 16:10:34 nginx01-jude kernel: [    0.097996] rcu: Adjusting geometry for rcu_fanout_leaf=16, nr_cpu_ids=1
Apr 30 16:10:34 nginx01-jude kernel: [    0.104218] NR_IRQS: 524544, nr_irqs: 256, preallocated irqs: 16
Apr 30 16:10:34 nginx01-jude kernel: [    0.107862] Console: colour VGA+ 80x25
Apr 30 16:10:34 nginx01-jude kernel: [    0.120287] printk: console [tty0] enabled
Apr 30 16:10:34 nginx01-jude kernel: [    0.120404] ACPI: Core revision 20210730
Apr 30 16:10:34 nginx01-jude kernel: [    0.120807] clocksource: hpet: mask: 0xffffffff max_cycles: 0xffffffff, max_idle_ns: 133484882848 ns
Apr 30 16:10:34 nginx01-jude kernel: [    0.121044] APIC: Switch to symmetric I/O mode setup
Apr 30 16:10:34 nginx01-jude kernel: [    0.121409] x2apic enabled
Apr 30 16:10:34 nginx01-jude kernel: [    0.121580] Switched APIC routing to physical x2apic.
Apr 30 16:10:34 nginx01-jude kernel: [    0.122302] ..TIMER: vector=0x30 apic1=0 pin1=2 apic2=-1 pin2=-1
Apr 30 16:10:34 nginx01-jude kernel: [    0.122448] clocksource: tsc-early: mask: 0xffffffffffffffff max_cycles: 0x22821391a86, max_idle_ns: 440795325644 ns
Apr 30 16:10:34 nginx01-jude kernel: [    0.122625] Calibrating delay loop (skipped) preset value.. 4788.00 BogoMIPS (lpj=9576000)
Apr 30 16:10:34 nginx01-jude kernel: [    0.122762] pid_max: default: 32768 minimum: 301
Apr 30 16:10:34 nginx01-jude kernel: [    0.122871] LSM: Security Framework initializing
Apr 30 16:10:34 nginx01-jude kernel: [    0.122967] landlock: Up and running.
Apr 30 16:10:34 nginx01-jude kernel: [    0.123039] Yama: becoming mindful.
Apr 30 16:10:34 nginx01-jude kernel: [    0.123156] AppArmor: AppArmor initialized
Apr 30 16:10:34 nginx01-jude kernel: [    0.123289] Mount-cache hash table entries: 4096 (order: 3, 32768 bytes, linear)
Apr 30 16:10:34 nginx01-jude kernel: [    0.123421] Mountpoint-cache hash table entries: 4096 (order: 3, 32768 bytes, linear)
Apr 30 16:10:34 nginx01-jude kernel: [    0.123955] Disabled fast string operations
Apr 30 16:10:34 nginx01-jude kernel: [    0.124188] Last level iTLB entries: 4KB 512, 2MB 7, 4MB 7
Apr 30 16:10:34 nginx01-jude kernel: [    0.124280] Last level dTLB entries: 4KB 512, 2MB 32, 4MB 32, 1GB 0
Apr 30 16:10:34 nginx01-jude kernel: [    0.124385] Spectre V1 : Mitigation: usercopy/swapgs barriers and __user pointer sanitization
Apr 30 16:10:34 nginx01-jude kernel: [    0.124519] Spectre V2 : Mitigation: Retpolines
Apr 30 16:10:34 nginx01-jude kernel: [    0.124597] Spectre V2 : Spectre v2 / SpectreRSB mitigation: Filling RSB on context switch
Apr 30 16:10:34 nginx01-jude kernel: [    0.124726] Spectre V2 : Enabling Restricted Speculation for firmware calls
Apr 30 16:10:34 nginx01-jude kernel: [    0.124835] Spectre V2 : mitigation: Enabling conditional Indirect Branch Prediction Barrier
Apr 30 16:10:34 nginx01-jude kernel: [    0.124967] Speculative Store Bypass: Mitigation: Speculative Store Bypass disabled via prctl and seccomp
Apr 30 16:10:34 nginx01-jude kernel: [    0.126629] MDS: Vulnerable: Clear CPU buffers attempted, no microcode
Apr 30 16:10:34 nginx01-jude kernel: [    0.143370] Freeing SMP alternatives memory: 40K
Apr 30 16:10:34 nginx01-jude kernel: [    0.145030] smpboot: CPU0: Intel(R) Xeon(R) CPU E7- 4870  @ 2.40GHz (family: 0x6, model: 0x2f, stepping: 0x2)
Apr 30 16:10:34 nginx01-jude kernel: [    0.145396] Performance Events: Westmere events, core PMU driver.
Apr 30 16:10:34 nginx01-jude kernel: [    0.145527] core: CPUID marked event: 'cpu cycles' unavailable
Apr 30 16:10:34 nginx01-jude kernel: [    0.145619] core: CPUID marked event: 'instructions' unavailable
Apr 30 16:10:34 nginx01-jude kernel: [    0.145714] core: CPUID marked event: 'bus cycles' unavailable
Apr 30 16:10:34 nginx01-jude kernel: [    0.145807] core: CPUID marked event: 'cache references' unavailable
Apr 30 16:10:34 nginx01-jude kernel: [    0.145905] core: CPUID marked event: 'cache misses' unavailable
Apr 30 16:10:34 nginx01-jude kernel: [    0.146000] core: CPUID marked event: 'branch instructions' unavailable
Apr 30 16:10:34 nginx01-jude kernel: [    0.146102] core: CPUID marked event: 'branch misses' unavailable
Apr 30 16:10:34 nginx01-jude kernel: [    0.146200] ... version:                1
Apr 30 16:10:34 nginx01-jude kernel: [    0.146270] ... bit width:              48
Apr 30 16:10:34 nginx01-jude kernel: [    0.146340] ... generic registers:      4
Apr 30 16:10:34 nginx01-jude kernel: [    0.146410] ... value mask:             0000ffffffffffff
Apr 30 16:10:34 nginx01-jude kernel: [    0.146496] ... max period:             000000007fffffff
Apr 30 16:10:34 nginx01-jude kernel: [    0.146581] ... fixed-purpose events:   0
Apr 30 16:10:34 nginx01-jude kernel: [    0.146618] ... event mask:             000000000000000f
Apr 30 16:10:34 nginx01-jude kernel: [    0.146618] rcu: Hierarchical SRCU implementation.
Apr 30 16:10:34 nginx01-jude kernel: [    0.146618] NMI watchdog: Perf NMI watchdog permanently disabled
Apr 30 16:10:34 nginx01-jude kernel: [    0.146618] smp: Bringing up secondary CPUs ...
Apr 30 16:10:34 nginx01-jude kernel: [    0.146618] smp: Brought up 1 node, 1 CPU
Apr 30 16:10:34 nginx01-jude kernel: [    0.146618] smpboot: Max logical packages: 1
Apr 30 16:10:34 nginx01-jude kernel: [    0.146618] smpboot: Total of 1 processors activated (4788.00 BogoMIPS)
Apr 30 16:10:34 nginx01-jude kernel: [    0.146618] devtmpfs: initialized
Apr 30 16:10:34 nginx01-jude kernel: [    0.146689] x86/mm: Memory block size: 128MB
Apr 30 16:10:34 nginx01-jude kernel: [    0.147175] ACPI: PM: Registering ACPI NVS region [mem 0x7feff000-0x7fefffff] (4096 bytes)
Apr 30 16:10:34 nginx01-jude kernel: [    0.147365] clocksource: jiffies: mask: 0xffffffff max_cycles: 0xffffffff, max_idle_ns: 7645041785100000 ns
Apr 30 16:10:34 nginx01-jude kernel: [    0.147523] futex hash table entries: 256 (order: 2, 16384 bytes, linear)
Apr 30 16:10:34 nginx01-jude kernel: [    0.147695] pinctrl core: initialized pinctrl subsystem
Apr 30 16:10:34 nginx01-jude kernel: [    0.148048] PM: RTC time: 16:10:04, date: 2023-04-30
Apr 30 16:10:34 nginx01-jude kernel: [    0.148313] NET: Registered PF_NETLINK/PF_ROUTE protocol family
Apr 30 16:10:34 nginx01-jude kernel: [    0.148583] DMA: preallocated 256 KiB GFP_KERNEL pool for atomic allocations
Apr 30 16:10:34 nginx01-jude kernel: [    0.149031] DMA: preallocated 256 KiB GFP_KERNEL|GFP_DMA pool for atomic allocations
Apr 30 16:10:34 nginx01-jude kernel: [    0.149228] DMA: preallocated 256 KiB GFP_KERNEL|GFP_DMA32 pool for atomic allocations
Apr 30 16:10:34 nginx01-jude kernel: [    0.149366] audit: initializing netlink subsys (disabled)
Apr 30 16:10:34 nginx01-jude kernel: [    0.149664] thermal_sys: Registered thermal governor 'fair_share'
Apr 30 16:10:34 nginx01-jude kernel: [    0.149666] thermal_sys: Registered thermal governor 'bang_bang'
Apr 30 16:10:34 nginx01-jude kernel: [    0.149768] thermal_sys: Registered thermal governor 'step_wise'
Apr 30 16:10:34 nginx01-jude kernel: [    0.149864] thermal_sys: Registered thermal governor 'user_space'
Apr 30 16:10:34 nginx01-jude kernel: [    0.149959] thermal_sys: Registered thermal governor 'power_allocator'
Apr 30 16:10:34 nginx01-jude kernel: [    0.150064] EISA bus registered
Apr 30 16:10:34 nginx01-jude kernel: [    0.150228] cpuidle: using governor ladder
Apr 30 16:10:34 nginx01-jude kernel: [    0.150366] cpuidle: using governor menu
Apr 30 16:10:34 nginx01-jude kernel: [    0.150470] Simple Boot Flag at 0x36 set to 0x80
Apr 30 16:10:34 nginx01-jude kernel: [    0.150580] ACPI: bus type PCI registered
Apr 30 16:10:34 nginx01-jude kernel: [    0.150628] acpiphp: ACPI Hot Plug PCI Controller Driver version: 0.5
Apr 30 16:10:34 nginx01-jude kernel: [    0.150968] PCI: MMCONFIG for domain 0000 [bus 00-7f] at [mem 0xf0000000-0xf7ffffff] (base 0xf0000000)
Apr 30 16:10:34 nginx01-jude kernel: [    0.151120] PCI: MMCONFIG at [mem 0xf0000000-0xf7ffffff] reserved in E820
Apr 30 16:10:34 nginx01-jude kernel: [    0.151244] PCI: Using configuration type 1 for base access
Apr 30 16:10:34 nginx01-jude kernel: [    0.153165] Kprobes globally optimized
Apr 30 16:10:34 nginx01-jude kernel: [    0.153281] audit: type=2000 audit(1682871004.024:1): state=initialized audit_enabled=0 res=1
Apr 30 16:10:34 nginx01-jude kernel: [    0.153550] HugeTLB registered 2.00 MiB page size, pre-allocated 0 pages
Apr 30 16:10:34 nginx01-jude kernel: [    0.155219] ACPI: Added _OSI(Module Device)
Apr 30 16:10:34 nginx01-jude kernel: [    0.155299] ACPI: Added _OSI(Processor Device)
Apr 30 16:10:34 nginx01-jude kernel: [    0.155377] ACPI: Added _OSI(3.0 _SCP Extensions)
Apr 30 16:10:34 nginx01-jude kernel: [    0.155457] ACPI: Added _OSI(Processor Aggregator Device)
Apr 30 16:10:34 nginx01-jude kernel: [    0.155546] ACPI: Added _OSI(Linux-Dell-Video)
Apr 30 16:10:34 nginx01-jude kernel: [    0.155623] ACPI: Added _OSI(Linux-Lenovo-NV-HDMI-Audio)
Apr 30 16:10:34 nginx01-jude kernel: [    0.155710] ACPI: Added _OSI(Linux-HPI-Hybrid-Graphics)
Apr 30 16:10:34 nginx01-jude kernel: [    0.173086] ACPI: 1 ACPI AML tables successfully acquired and loaded
Apr 30 16:10:34 nginx01-jude kernel: [    0.175895] ACPI: [Firmware Bug]: BIOS _OSI(Linux) query ignored
Apr 30 16:10:34 nginx01-jude kernel: [    0.181021] ACPI: Interpreter enabled
Apr 30 16:10:34 nginx01-jude kernel: [    0.181118] ACPI: PM: (supports S0 S1 S4 S5)
Apr 30 16:10:34 nginx01-jude kernel: [    0.181194] ACPI: Using IOAPIC for interrupt routing
Apr 30 16:10:34 nginx01-jude kernel: [    0.181315] PCI: Using host bridge windows from ACPI; if necessary, use "pci=nocrs" and report a bug
Apr 30 16:10:34 nginx01-jude kernel: [    0.182313] ACPI: Enabled 4 GPEs in block 00 to 0F
Apr 30 16:10:34 nginx01-jude kernel: [    0.255442] ACPI: PCI Root Bridge [PCI0] (domain 0000 [bus 00-7f])
Apr 30 16:10:34 nginx01-jude kernel: [    0.255574] acpi PNP0A03:00: _OSC: OS supports [ExtendedConfig ASPM ClockPM Segments MSI HPX-Type3]
Apr 30 16:10:34 nginx01-jude kernel: [    0.256102] acpi PNP0A03:00: _OSC: platform does not support [AER LTR]
Apr 30 16:10:34 nginx01-jude kernel: [    0.256619] acpi PNP0A03:00: _OSC: OS now controls [PCIeHotplug SHPCHotplug PME PCIeCapability]
Apr 30 16:10:34 nginx01-jude kernel: [    0.259760] PCI host bridge to bus 0000:00
Apr 30 16:10:34 nginx01-jude kernel: [    0.259842] pci_bus 0000:00: root bus resource [bus 00-7f]
Apr 30 16:10:34 nginx01-jude kernel: [    0.259967] pci_bus 0000:00: root bus resource [io  0x0000-0x0cf7 window]
Apr 30 16:10:34 nginx01-jude kernel: [    0.260074] pci_bus 0000:00: root bus resource [io  0x0d00-0xfeff window]
Apr 30 16:10:34 nginx01-jude kernel: [    0.260180] pci_bus 0000:00: root bus resource [mem 0x000a0000-0x000bffff window]
Apr 30 16:10:34 nginx01-jude kernel: [    0.260301] pci_bus 0000:00: root bus resource [mem 0x000d0000-0x000dbfff window]
Apr 30 16:10:34 nginx01-jude kernel: [    0.260422] pci_bus 0000:00: root bus resource [mem 0x80000000-0xfebfffff window]
Apr 30 16:10:34 nginx01-jude kernel: [    0.260843] pci 0000:00:00.0: [8086:7190] type 00 class 0x060000
Apr 30 16:10:34 nginx01-jude kernel: [    0.262703] pci 0000:00:01.0: [8086:7191] type 01 class 0x060400
Apr 30 16:10:34 nginx01-jude kernel: [    0.267179] pci 0000:00:07.0: [8086:7110] type 00 class 0x060100
Apr 30 16:10:34 nginx01-jude kernel: [    0.268445] pci 0000:00:07.1: [8086:7111] type 00 class 0x01018a
Apr 30 16:10:34 nginx01-jude kernel: [    0.269960] pci 0000:00:07.1: reg 0x20: [io  0x1060-0x106f]
Apr 30 16:10:34 nginx01-jude kernel: [    0.270607] pci 0000:00:07.1: legacy IDE quirk: reg 0x10: [io  0x01f0-0x01f7]
Apr 30 16:10:34 nginx01-jude kernel: [    0.270623] pci 0000:00:07.1: legacy IDE quirk: reg 0x14: [io  0x03f6]
Apr 30 16:10:34 nginx01-jude kernel: [    0.270728] pci 0000:00:07.1: legacy IDE quirk: reg 0x18: [io  0x0170-0x0177]
Apr 30 16:10:34 nginx01-jude kernel: [    0.270838] pci 0000:00:07.1: legacy IDE quirk: reg 0x1c: [io  0x0376]
Apr 30 16:10:34 nginx01-jude kernel: [    0.271524] pci 0000:00:07.3: [8086:7113] type 00 class 0x068000
Apr 30 16:10:34 nginx01-jude kernel: [    0.273224] pci 0000:00:07.3: quirk: [io  0x1000-0x103f] claimed by PIIX4 ACPI
Apr 30 16:10:34 nginx01-jude kernel: [    0.273358] pci 0000:00:07.3: quirk: [io  0x1040-0x104f] claimed by PIIX4 SMB
Apr 30 16:10:34 nginx01-jude kernel: [    0.274027] pci 0000:00:07.7: [15ad:0740] type 00 class 0x088000
Apr 30 16:10:34 nginx01-jude kernel: [    0.275058] pci 0000:00:07.7: reg 0x10: [io  0x1080-0x10bf]
Apr 30 16:10:34 nginx01-jude kernel: [    0.276026] pci 0000:00:07.7: reg 0x14: [mem 0xfebfe000-0xfebfffff 64bit]
Apr 30 16:10:34 nginx01-jude kernel: [    0.284622] pci 0000:00:0f.0: [15ad:0405] type 00 class 0x030000
Apr 30 16:10:34 nginx01-jude kernel: [    0.286623] pci 0000:00:0f.0: reg 0x10: [io  0x1070-0x107f]
Apr 30 16:10:34 nginx01-jude kernel: [    0.288902] pci 0000:00:0f.0: reg 0x14: [mem 0xe8000000-0xefffffff pref]
Apr 30 16:10:34 nginx01-jude kernel: [    0.290623] pci 0000:00:0f.0: reg 0x18: [mem 0xfe000000-0xfe7fffff]
Apr 30 16:10:34 nginx01-jude kernel: [    0.298624] pci 0000:00:0f.0: reg 0x30: [mem 0x00000000-0x00007fff pref]
Apr 30 16:10:34 nginx01-jude kernel: [    0.298813] pci 0000:00:0f.0: Video device with shadowed ROM at [mem 0x000c0000-0x000dffff]
Apr 30 16:10:34 nginx01-jude kernel: [    0.300340] pci 0000:00:10.0: [1000:0030] type 00 class 0x010000
Apr 30 16:10:34 nginx01-jude kernel: [    0.301867] pci 0000:00:10.0: reg 0x10: [io  0x1400-0x14ff]
Apr 30 16:10:34 nginx01-jude kernel: [    0.303361] pci 0000:00:10.0: reg 0x14: [mem 0xfeba0000-0xfebbffff 64bit]
Apr 30 16:10:34 nginx01-jude kernel: [    0.304870] pci 0000:00:10.0: reg 0x1c: [mem 0xfebc0000-0xfebdffff 64bit]
Apr 30 16:10:34 nginx01-jude kernel: [    0.307404] pci 0000:00:10.0: reg 0x30: [mem 0x00000000-0x00003fff pref]
Apr 30 16:10:34 nginx01-jude kernel: [    0.309003] pci 0000:00:11.0: [15ad:0790] type 01 class 0x060401
Apr 30 16:10:34 nginx01-jude kernel: [    0.312656] pci 0000:00:15.0: [15ad:07a0] type 01 class 0x060400
Apr 30 16:10:34 nginx01-jude kernel: [    0.313666] pci 0000:00:15.0: PME# supported from D0 D3hot D3cold
Apr 30 16:10:34 nginx01-jude kernel: [    0.314559] pci 0000:00:15.1: [15ad:07a0] type 01 class 0x060400
Apr 30 16:10:34 nginx01-jude kernel: [    0.315553] pci 0000:00:15.1: PME# supported from D0 D3hot D3cold
Apr 30 16:10:34 nginx01-jude kernel: [    0.316455] pci 0000:00:15.2: [15ad:07a0] type 01 class 0x060400
Apr 30 16:10:34 nginx01-jude kernel: [    0.317481] pci 0000:00:15.2: PME# supported from D0 D3hot D3cold
Apr 30 16:10:34 nginx01-jude kernel: [    0.318382] pci 0000:00:15.3: [15ad:07a0] type 01 class 0x060400
Apr 30 16:10:34 nginx01-jude kernel: [    0.319395] pci 0000:00:15.3: PME# supported from D0 D3hot D3cold
Apr 30 16:10:34 nginx01-jude kernel: [    0.320303] pci 0000:00:15.4: [15ad:07a0] type 01 class 0x060400
Apr 30 16:10:34 nginx01-jude kernel: [    0.321307] pci 0000:00:15.4: PME# supported from D0 D3hot D3cold
Apr 30 16:10:34 nginx01-jude kernel: [    0.322195] pci 0000:00:15.5: [15ad:07a0] type 01 class 0x060400
Apr 30 16:10:34 nginx01-jude kernel: [    0.323268] pci 0000:00:15.5: PME# supported from D0 D3hot D3cold
Apr 30 16:10:34 nginx01-jude kernel: [    0.324164] pci 0000:00:15.6: [15ad:07a0] type 01 class 0x060400
Apr 30 16:10:34 nginx01-jude kernel: [    0.325168] pci 0000:00:15.6: PME# supported from D0 D3hot D3cold
Apr 30 16:10:34 nginx01-jude kernel: [    0.326056] pci 0000:00:15.7: [15ad:07a0] type 01 class 0x060400
Apr 30 16:10:34 nginx01-jude kernel: [    0.327158] pci 0000:00:15.7: PME# supported from D0 D3hot D3cold
Apr 30 16:10:34 nginx01-jude kernel: [    0.328637] pci 0000:00:16.0: [15ad:07a0] type 01 class 0x060400
Apr 30 16:10:34 nginx01-jude kernel: [    0.329727] pci 0000:00:16.0: PME# supported from D0 D3hot D3cold
Apr 30 16:10:34 nginx01-jude kernel: [    0.330618] pci 0000:00:16.1: [15ad:07a0] type 01 class 0x060400
Apr 30 16:10:34 nginx01-jude kernel: [    0.331632] pci 0000:00:16.1: PME# supported from D0 D3hot D3cold
Apr 30 16:10:34 nginx01-jude kernel: [    0.332523] pci 0000:00:16.2: [15ad:07a0] type 01 class 0x060400
Apr 30 16:10:34 nginx01-jude kernel: [    0.333527] pci 0000:00:16.2: PME# supported from D0 D3hot D3cold
Apr 30 16:10:34 nginx01-jude kernel: [    0.334437] pci 0000:00:16.3: [15ad:07a0] type 01 class 0x060400
Apr 30 16:10:34 nginx01-jude kernel: [    0.335447] pci 0000:00:16.3: PME# supported from D0 D3hot D3cold
Apr 30 16:10:34 nginx01-jude kernel: [    0.336334] pci 0000:00:16.4: [15ad:07a0] type 01 class 0x060400
Apr 30 16:10:34 nginx01-jude kernel: [    0.337367] pci 0000:00:16.4: PME# supported from D0 D3hot D3cold
Apr 30 16:10:34 nginx01-jude kernel: [    0.338265] pci 0000:00:16.5: [15ad:07a0] type 01 class 0x060400
Apr 30 16:10:34 nginx01-jude kernel: [    0.339268] pci 0000:00:16.5: PME# supported from D0 D3hot D3cold
Apr 30 16:10:34 nginx01-jude kernel: [    0.340167] pci 0000:00:16.6: [15ad:07a0] type 01 class 0x060400
Apr 30 16:10:34 nginx01-jude kernel: [    0.341173] pci 0000:00:16.6: PME# supported from D0 D3hot D3cold
Apr 30 16:10:34 nginx01-jude kernel: [    0.342063] pci 0000:00:16.7: [15ad:07a0] type 01 class 0x060400
Apr 30 16:10:34 nginx01-jude kernel: [    0.343070] pci 0000:00:16.7: PME# supported from D0 D3hot D3cold
Apr 30 16:10:34 nginx01-jude kernel: [    0.344533] pci 0000:00:17.0: [15ad:07a0] type 01 class 0x060400
Apr 30 16:10:34 nginx01-jude kernel: [    0.345537] pci 0000:00:17.0: PME# supported from D0 D3hot D3cold
Apr 30 16:10:34 nginx01-jude kernel: [    0.346424] pci 0000:00:17.1: [15ad:07a0] type 01 class 0x060400
Apr 30 16:10:34 nginx01-jude kernel: [    0.347468] pci 0000:00:17.1: PME# supported from D0 D3hot D3cold
Apr 30 16:10:34 nginx01-jude kernel: [    0.348367] pci 0000:00:17.2: [15ad:07a0] type 01 class 0x060400
Apr 30 16:10:34 nginx01-jude kernel: [    0.349381] pci 0000:00:17.2: PME# supported from D0 D3hot D3cold
Apr 30 16:10:34 nginx01-jude kernel: [    0.350283] pci 0000:00:17.3: [15ad:07a0] type 01 class 0x060400
Apr 30 16:10:34 nginx01-jude kernel: [    0.351290] pci 0000:00:17.3: PME# supported from D0 D3hot D3cold
Apr 30 16:10:34 nginx01-jude kernel: [    0.352185] pci 0000:00:17.4: [15ad:07a0] type 01 class 0x060400
Apr 30 16:10:34 nginx01-jude kernel: [    0.353210] pci 0000:00:17.4: PME# supported from D0 D3hot D3cold
Apr 30 16:10:34 nginx01-jude kernel: [    0.354138] pci 0000:00:17.5: [15ad:07a0] type 01 class 0x060400
Apr 30 16:10:34 nginx01-jude kernel: [    0.355141] pci 0000:00:17.5: PME# supported from D0 D3hot D3cold
Apr 30 16:10:34 nginx01-jude kernel: [    0.356029] pci 0000:00:17.6: [15ad:07a0] type 01 class 0x060400
Apr 30 16:10:34 nginx01-jude kernel: [    0.357069] pci 0000:00:17.6: PME# supported from D0 D3hot D3cold
Apr 30 16:10:34 nginx01-jude kernel: [    0.357953] pci 0000:00:17.7: [15ad:07a0] type 01 class 0x060400
Apr 30 16:10:34 nginx01-jude kernel: [    0.358959] pci 0000:00:17.7: PME# supported from D0 D3hot D3cold
Apr 30 16:10:34 nginx01-jude kernel: [    0.360419] pci 0000:00:18.0: [15ad:07a0] type 01 class 0x060400
Apr 30 16:10:34 nginx01-jude kernel: [    0.361422] pci 0000:00:18.0: PME# supported from D0 D3hot D3cold
Apr 30 16:10:34 nginx01-jude kernel: [    0.362315] pci 0000:00:18.1: [15ad:07a0] type 01 class 0x060400
Apr 30 16:10:34 nginx01-jude kernel: [    0.363329] pci 0000:00:18.1: PME# supported from D0 D3hot D3cold
Apr 30 16:10:34 nginx01-jude kernel: [    0.364236] pci 0000:00:18.2: [15ad:07a0] type 01 class 0x060400
Apr 30 16:10:34 nginx01-jude kernel: [    0.365240] pci 0000:00:18.2: PME# supported from D0 D3hot D3cold
Apr 30 16:10:34 nginx01-jude kernel: [    0.366145] pci 0000:00:18.3: [15ad:07a0] type 01 class 0x060400
Apr 30 16:10:34 nginx01-jude kernel: [    0.367181] pci 0000:00:18.3: PME# supported from D0 D3hot D3cold
Apr 30 16:10:34 nginx01-jude kernel: [    0.368070] pci 0000:00:18.4: [15ad:07a0] type 01 class 0x060400
Apr 30 16:10:34 nginx01-jude kernel: [    0.369074] pci 0000:00:18.4: PME# supported from D0 D3hot D3cold
Apr 30 16:10:34 nginx01-jude kernel: [    0.369961] pci 0000:00:18.5: [15ad:07a0] type 01 class 0x060400
Apr 30 16:10:34 nginx01-jude kernel: [    0.370966] pci 0000:00:18.5: PME# supported from D0 D3hot D3cold
Apr 30 16:10:34 nginx01-jude kernel: [    0.371858] pci 0000:00:18.6: [15ad:07a0] type 01 class 0x060400
Apr 30 16:10:34 nginx01-jude kernel: [    0.372861] pci 0000:00:18.6: PME# supported from D0 D3hot D3cold
Apr 30 16:10:34 nginx01-jude kernel: [    0.373747] pci 0000:00:18.7: [15ad:07a0] type 01 class 0x060400
Apr 30 16:10:34 nginx01-jude kernel: [    0.374749] pci 0000:00:18.7: PME# supported from D0 D3hot D3cold
Apr 30 16:10:34 nginx01-jude kernel: [    0.379975] pci_bus 0000:01: extended config space not accessible
Apr 30 16:10:34 nginx01-jude kernel: [    0.398825] pci 0000:00:01.0: PCI bridge to [bus 01]
Apr 30 16:10:34 nginx01-jude kernel: [    0.399165] pci_bus 0000:02: extended config space not accessible
Apr 30 16:10:34 nginx01-jude kernel: [    0.399662] acpiphp: Slot [32] registered
Apr 30 16:10:34 nginx01-jude kernel: [    0.399771] acpiphp: Slot [33] registered
Apr 30 16:10:34 nginx01-jude kernel: [    0.399874] acpiphp: Slot [34] registered
Apr 30 16:10:34 nginx01-jude kernel: [    0.399977] acpiphp: Slot [35] registered
Apr 30 16:10:34 nginx01-jude kernel: [    0.400079] acpiphp: Slot [36] registered
Apr 30 16:10:34 nginx01-jude kernel: [    0.400180] acpiphp: Slot [37] registered
Apr 30 16:10:34 nginx01-jude kernel: [    0.400285] acpiphp: Slot [38] registered
Apr 30 16:10:34 nginx01-jude kernel: [    0.400388] acpiphp: Slot [39] registered
Apr 30 16:10:34 nginx01-jude kernel: [    0.400491] acpiphp: Slot [40] registered
Apr 30 16:10:34 nginx01-jude kernel: [    0.400593] acpiphp: Slot [41] registered
Apr 30 16:10:34 nginx01-jude kernel: [    0.400696] acpiphp: Slot [42] registered
Apr 30 16:10:34 nginx01-jude kernel: [    0.400798] acpiphp: Slot [43] registered
Apr 30 16:10:34 nginx01-jude kernel: [    0.400903] acpiphp: Slot [44] registered
Apr 30 16:10:34 nginx01-jude kernel: [    0.401302] acpiphp: Slot [45] registered
Apr 30 16:10:34 nginx01-jude kernel: [    0.401406] acpiphp: Slot [46] registered
Apr 30 16:10:34 nginx01-jude kernel: [    0.401513] acpiphp: Slot [47] registered
Apr 30 16:10:34 nginx01-jude kernel: [    0.401618] acpiphp: Slot [48] registered
Apr 30 16:10:34 nginx01-jude kernel: [    0.401721] acpiphp: Slot [49] registered
Apr 30 16:10:34 nginx01-jude kernel: [    0.401823] acpiphp: Slot [50] registered
Apr 30 16:10:34 nginx01-jude kernel: [    0.401929] acpiphp: Slot [51] registered
Apr 30 16:10:34 nginx01-jude kernel: [    0.402033] acpiphp: Slot [52] registered
Apr 30 16:10:34 nginx01-jude kernel: [    0.402136] acpiphp: Slot [53] registered
Apr 30 16:10:34 nginx01-jude kernel: [    0.402243] acpiphp: Slot [54] registered
Apr 30 16:10:34 nginx01-jude kernel: [    0.402348] acpiphp: Slot [55] registered
Apr 30 16:10:34 nginx01-jude kernel: [    0.402450] acpiphp: Slot [56] registered
Apr 30 16:10:34 nginx01-jude kernel: [    0.402556] acpiphp: Slot [57] registered
Apr 30 16:10:34 nginx01-jude kernel: [    0.402655] acpiphp: Slot [58] registered
Apr 30 16:10:34 nginx01-jude kernel: [    0.402759] acpiphp: Slot [59] registered
Apr 30 16:10:34 nginx01-jude kernel: [    0.402862] acpiphp: Slot [60] registered
Apr 30 16:10:34 nginx01-jude kernel: [    0.402965] acpiphp: Slot [61] registered
Apr 30 16:10:34 nginx01-jude kernel: [    0.403067] acpiphp: Slot [62] registered
Apr 30 16:10:34 nginx01-jude kernel: [    0.403173] acpiphp: Slot [63] registered
Apr 30 16:10:34 nginx01-jude kernel: [    0.403507] pci 0000:02:00.0: [15ad:07e0] type 00 class 0x010601
Apr 30 16:10:34 nginx01-jude kernel: [    0.407672] pci 0000:02:00.0: reg 0x24: [mem 0xfd5ff000-0xfd5fffff]
Apr 30 16:10:34 nginx01-jude kernel: [    0.408458] pci 0000:02:00.0: reg 0x30: [mem 0x00000000-0x0000ffff pref]
Apr 30 16:10:34 nginx01-jude kernel: [    0.409034] pci 0000:02:00.0: PME# supported from D3hot
Apr 30 16:10:34 nginx01-jude kernel: [    0.428876] pci 0000:00:11.0: PCI bridge to [bus 02] (subtractive decode)
Apr 30 16:10:34 nginx01-jude kernel: [    0.429018] pci 0000:00:11.0:   bridge window [io  0x2000-0x3fff]
Apr 30 16:10:34 nginx01-jude kernel: [    0.429139] pci 0000:00:11.0:   bridge window [mem 0xfd500000-0xfdffffff]
Apr 30 16:10:34 nginx01-jude kernel: [    0.429288] pci 0000:00:11.0:   bridge window [mem 0xe7b00000-0xe7ffffff 64bit pref]
Apr 30 16:10:34 nginx01-jude kernel: [    0.429414] pci 0000:00:11.0:   bridge window [io  0x0000-0x0cf7 window] (subtractive decode)
Apr 30 16:10:34 nginx01-jude kernel: [    0.429546] pci 0000:00:11.0:   bridge window [io  0x0d00-0xfeff window] (subtractive decode)
Apr 30 16:10:34 nginx01-jude kernel: [    0.429678] pci 0000:00:11.0:   bridge window [mem 0x000a0000-0x000bffff window] (subtractive decode)
Apr 30 16:10:34 nginx01-jude kernel: [    0.429819] pci 0000:00:11.0:   bridge window [mem 0x000d0000-0x000dbfff window] (subtractive decode)
Apr 30 16:10:34 nginx01-jude kernel: [    0.429959] pci 0000:00:11.0:   bridge window [mem 0x80000000-0xfebfffff window] (subtractive decode)
Apr 30 16:10:34 nginx01-jude kernel: [    0.430662] pci 0000:03:00.0: [15ad:07b0] type 00 class 0x020000
Apr 30 16:10:34 nginx01-jude kernel: [    0.432790] pci 0000:03:00.0: reg 0x10: [mem 0xfd4fc000-0xfd4fcfff]
Apr 30 16:10:34 nginx01-jude kernel: [    0.434623] pci 0000:03:00.0: reg 0x14: [mem 0xfd4fd000-0xfd4fdfff]
Apr 30 16:10:34 nginx01-jude kernel: [    0.436654] pci 0000:03:00.0: reg 0x18: [mem 0xfd4fe000-0xfd4fffff]
Apr 30 16:10:34 nginx01-jude kernel: [    0.438623] pci 0000:03:00.0: reg 0x1c: [io  0x4000-0x400f]
Apr 30 16:10:34 nginx01-jude kernel: [    0.443681] pci 0000:03:00.0: reg 0x30: [mem 0x00000000-0x0000ffff pref]
Apr 30 16:10:34 nginx01-jude kernel: [    0.444376] pci 0000:03:00.0: supports D1 D2
Apr 30 16:10:34 nginx01-jude kernel: [    0.444455] pci 0000:03:00.0: PME# supported from D0 D1 D2 D3hot D3cold
Apr 30 16:10:34 nginx01-jude kernel: [    0.445728] pci 0000:03:00.0: disabling ASPM on pre-1.1 PCIe device.  You can enable it with 'pcie_aspm=force'
Apr 30 16:10:34 nginx01-jude kernel: [    0.464324] pci 0000:00:15.0: PCI bridge to [bus 03]
Apr 30 16:10:34 nginx01-jude kernel: [    0.464448] pci 0000:00:15.0:   bridge window [io  0x4000-0x4fff]
Apr 30 16:10:34 nginx01-jude kernel: [    0.464569] pci 0000:00:15.0:   bridge window [mem 0xfd400000-0xfd4fffff]
Apr 30 16:10:34 nginx01-jude kernel: [    0.483588] pci 0000:00:15.1: PCI bridge to [bus 04]
Apr 30 16:10:34 nginx01-jude kernel: [    0.483715] pci 0000:00:15.1:   bridge window [io  0x8000-0x8fff]
Apr 30 16:10:34 nginx01-jude kernel: [    0.483836] pci 0000:00:15.1:   bridge window [mem 0xfd000000-0xfd0fffff]
Apr 30 16:10:34 nginx01-jude kernel: [    0.483986] pci 0000:00:15.1:   bridge window [mem 0xe7700000-0xe77fffff 64bit pref]
Apr 30 16:10:34 nginx01-jude kernel: [    0.502907] pci 0000:00:15.2: PCI bridge to [bus 05]
Apr 30 16:10:34 nginx01-jude kernel: [    0.503034] pci 0000:00:15.2:   bridge window [io  0xc000-0xcfff]
Apr 30 16:10:34 nginx01-jude kernel: [    0.503155] pci 0000:00:15.2:   bridge window [mem 0xfcc00000-0xfccfffff]
Apr 30 16:10:34 nginx01-jude kernel: [    0.503305] pci 0000:00:15.2:   bridge window [mem 0xe7300000-0xe73fffff 64bit pref]
Apr 30 16:10:34 nginx01-jude kernel: [    0.522636] pci 0000:00:15.3: PCI bridge to [bus 06]
Apr 30 16:10:34 nginx01-jude kernel: [    0.522829] pci 0000:00:15.3:   bridge window [mem 0xfc800000-0xfc8fffff]
Apr 30 16:10:34 nginx01-jude kernel: [    0.522981] pci 0000:00:15.3:   bridge window [mem 0xe6f00000-0xe6ffffff 64bit pref]
Apr 30 16:10:34 nginx01-jude kernel: [    0.542172] pci 0000:00:15.4: PCI bridge to [bus 07]
Apr 30 16:10:34 nginx01-jude kernel: [    0.542349] pci 0000:00:15.4:   bridge window [mem 0xfc400000-0xfc4fffff]
Apr 30 16:10:34 nginx01-jude kernel: [    0.542501] pci 0000:00:15.4:   bridge window [mem 0xe6b00000-0xe6bfffff 64bit pref]
Apr 30 16:10:34 nginx01-jude kernel: [    0.561554] pci 0000:00:15.5: PCI bridge to [bus 08]
Apr 30 16:10:34 nginx01-jude kernel: [    0.561702] pci 0000:00:15.5:   bridge window [mem 0xfc000000-0xfc0fffff]
Apr 30 16:10:34 nginx01-jude kernel: [    0.561853] pci 0000:00:15.5:   bridge window [mem 0xe6700000-0xe67fffff 64bit pref]
Apr 30 16:10:34 nginx01-jude kernel: [    0.580785] pci 0000:00:15.6: PCI bridge to [bus 09]
Apr 30 16:10:34 nginx01-jude kernel: [    0.580943] pci 0000:00:15.6:   bridge window [mem 0xfbc00000-0xfbcfffff]
Apr 30 16:10:34 nginx01-jude kernel: [    0.581093] pci 0000:00:15.6:   bridge window [mem 0xe6300000-0xe63fffff 64bit pref]
Apr 30 16:10:34 nginx01-jude kernel: [    0.600039] pci 0000:00:15.7: PCI bridge to [bus 0a]
Apr 30 16:10:34 nginx01-jude kernel: [    0.600184] pci 0000:00:15.7:   bridge window [mem 0xfb800000-0xfb8fffff]
Apr 30 16:10:34 nginx01-jude kernel: [    0.600335] pci 0000:00:15.7:   bridge window [mem 0xe5f00000-0xe5ffffff 64bit pref]
Apr 30 16:10:34 nginx01-jude kernel: [    0.619366] pci 0000:00:16.0: PCI bridge to [bus 0b]
Apr 30 16:10:34 nginx01-jude kernel: [    0.619490] pci 0000:00:16.0:   bridge window [io  0x5000-0x5fff]
Apr 30 16:10:34 nginx01-jude kernel: [    0.619611] pci 0000:00:16.0:   bridge window [mem 0xfd300000-0xfd3fffff]
Apr 30 16:10:34 nginx01-jude kernel: [    0.619760] pci 0000:00:16.0:   bridge window [mem 0xe7a00000-0xe7afffff 64bit pref]
Apr 30 16:10:34 nginx01-jude kernel: [    0.638655] pci 0000:00:16.1: PCI bridge to [bus 0c]
Apr 30 16:10:34 nginx01-jude kernel: [    0.638773] pci 0000:00:16.1:   bridge window [io  0x9000-0x9fff]
Apr 30 16:10:34 nginx01-jude kernel: [    0.638894] pci 0000:00:16.1:   bridge window [mem 0xfcf00000-0xfcffffff]
Apr 30 16:10:34 nginx01-jude kernel: [    0.639042] pci 0000:00:16.1:   bridge window [mem 0xe7600000-0xe76fffff 64bit pref]
Apr 30 16:10:34 nginx01-jude kernel: [    0.658056] pci 0000:00:16.2: PCI bridge to [bus 0d]
Apr 30 16:10:34 nginx01-jude kernel: [    0.658175] pci 0000:00:16.2:   bridge window [io  0xd000-0xdfff]
Apr 30 16:10:34 nginx01-jude kernel: [    0.658295] pci 0000:00:16.2:   bridge window [mem 0xfcb00000-0xfcbfffff]
Apr 30 16:10:34 nginx01-jude kernel: [    0.658445] pci 0000:00:16.2:   bridge window [mem 0xe7200000-0xe72fffff 64bit pref]
Apr 30 16:10:34 nginx01-jude kernel: [    0.677348] pci 0000:00:16.3: PCI bridge to [bus 0e]
Apr 30 16:10:34 nginx01-jude kernel: [    0.677488] pci 0000:00:16.3:   bridge window [mem 0xfc700000-0xfc7fffff]
Apr 30 16:10:34 nginx01-jude kernel: [    0.677639] pci 0000:00:16.3:   bridge window [mem 0xe6e00000-0xe6efffff 64bit pref]
Apr 30 16:10:34 nginx01-jude kernel: [    0.696581] pci 0000:00:16.4: PCI bridge to [bus 0f]
Apr 30 16:10:34 nginx01-jude kernel: [    0.696733] pci 0000:00:16.4:   bridge window [mem 0xfc300000-0xfc3fffff]
Apr 30 16:10:34 nginx01-jude kernel: [    0.696884] pci 0000:00:16.4:   bridge window [mem 0xe6a00000-0xe6afffff 64bit pref]
Apr 30 16:10:34 nginx01-jude kernel: [    0.715840] pci 0000:00:16.5: PCI bridge to [bus 10]
Apr 30 16:10:34 nginx01-jude kernel: [    0.715980] pci 0000:00:16.5:   bridge window [mem 0xfbf00000-0xfbffffff]
Apr 30 16:10:34 nginx01-jude kernel: [    0.716131] pci 0000:00:16.5:   bridge window [mem 0xe6600000-0xe66fffff 64bit pref]
Apr 30 16:10:34 nginx01-jude kernel: [    0.735031] pci 0000:00:16.6: PCI bridge to [bus 11]
Apr 30 16:10:34 nginx01-jude kernel: [    0.735171] pci 0000:00:16.6:   bridge window [mem 0xfbb00000-0xfbbfffff]
Apr 30 16:10:34 nginx01-jude kernel: [    0.735339] pci 0000:00:16.6:   bridge window [mem 0xe6200000-0xe62fffff 64bit pref]
Apr 30 16:10:34 nginx01-jude kernel: [    0.754351] pci 0000:00:16.7: PCI bridge to [bus 12]
Apr 30 16:10:34 nginx01-jude kernel: [    0.754495] pci 0000:00:16.7:   bridge window [mem 0xfb700000-0xfb7fffff]
Apr 30 16:10:34 nginx01-jude kernel: [    0.754644] pci 0000:00:16.7:   bridge window [mem 0xe5e00000-0xe5efffff 64bit pref]
Apr 30 16:10:34 nginx01-jude kernel: [    0.773591] pci 0000:00:17.0: PCI bridge to [bus 13]
Apr 30 16:10:34 nginx01-jude kernel: [    0.773709] pci 0000:00:17.0:   bridge window [io  0x6000-0x6fff]
Apr 30 16:10:34 nginx01-jude kernel: [    0.773831] pci 0000:00:17.0:   bridge window [mem 0xfd200000-0xfd2fffff]
Apr 30 16:10:34 nginx01-jude kernel: [    0.773982] pci 0000:00:17.0:   bridge window [mem 0xe7900000-0xe79fffff 64bit pref]
Apr 30 16:10:34 nginx01-jude kernel: [    0.792892] pci 0000:00:17.1: PCI bridge to [bus 14]
Apr 30 16:10:34 nginx01-jude kernel: [    0.793021] pci 0000:00:17.1:   bridge window [io  0xa000-0xafff]
Apr 30 16:10:34 nginx01-jude kernel: [    0.793142] pci 0000:00:17.1:   bridge window [mem 0xfce00000-0xfcefffff]
Apr 30 16:10:34 nginx01-jude kernel: [    0.793291] pci 0000:00:17.1:   bridge window [mem 0xe7500000-0xe75fffff 64bit pref]
Apr 30 16:10:34 nginx01-jude kernel: [    0.812246] pci 0000:00:17.2: PCI bridge to [bus 15]
Apr 30 16:10:34 nginx01-jude kernel: [    0.812366] pci 0000:00:17.2:   bridge window [io  0xe000-0xefff]
Apr 30 16:10:34 nginx01-jude kernel: [    0.812486] pci 0000:00:17.2:   bridge window [mem 0xfca00000-0xfcafffff]
Apr 30 16:10:34 nginx01-jude kernel: [    0.812637] pci 0000:00:17.2:   bridge window [mem 0xe7100000-0xe71fffff 64bit pref]
Apr 30 16:10:34 nginx01-jude kernel: [    0.831575] pci 0000:00:17.3: PCI bridge to [bus 16]
Apr 30 16:10:34 nginx01-jude kernel: [    0.831746] pci 0000:00:17.3:   bridge window [mem 0xfc600000-0xfc6fffff]
Apr 30 16:10:34 nginx01-jude kernel: [    0.831898] pci 0000:00:17.3:   bridge window [mem 0xe6d00000-0xe6dfffff 64bit pref]
Apr 30 16:10:34 nginx01-jude kernel: [    0.850992] pci 0000:00:17.4: PCI bridge to [bus 17]
Apr 30 16:10:34 nginx01-jude kernel: [    0.851136] pci 0000:00:17.4:   bridge window [mem 0xfc200000-0xfc2fffff]
Apr 30 16:10:34 nginx01-jude kernel: [    0.851288] pci 0000:00:17.4:   bridge window [mem 0xe6900000-0xe69fffff 64bit pref]
Apr 30 16:10:34 nginx01-jude kernel: [    0.870346] pci 0000:00:17.5: PCI bridge to [bus 18]
Apr 30 16:10:34 nginx01-jude kernel: [    0.870500] pci 0000:00:17.5:   bridge window [mem 0xfbe00000-0xfbefffff]
Apr 30 16:10:34 nginx01-jude kernel: [    0.870655] pci 0000:00:17.5:   bridge window [mem 0xe6500000-0xe65fffff 64bit pref]
Apr 30 16:10:34 nginx01-jude kernel: [    0.889666] pci 0000:00:17.6: PCI bridge to [bus 19]
Apr 30 16:10:34 nginx01-jude kernel: [    0.889817] pci 0000:00:17.6:   bridge window [mem 0xfba00000-0xfbafffff]
Apr 30 16:10:34 nginx01-jude kernel: [    0.889968] pci 0000:00:17.6:   bridge window [mem 0xe6100000-0xe61fffff 64bit pref]
Apr 30 16:10:34 nginx01-jude kernel: [    0.908926] pci 0000:00:17.7: PCI bridge to [bus 1a]
Apr 30 16:10:34 nginx01-jude kernel: [    0.909066] pci 0000:00:17.7:   bridge window [mem 0xfb600000-0xfb6fffff]
Apr 30 16:10:34 nginx01-jude kernel: [    0.909217] pci 0000:00:17.7:   bridge window [mem 0xe5d00000-0xe5dfffff 64bit pref]
Apr 30 16:10:34 nginx01-jude kernel: [    0.928089] pci 0000:00:18.0: PCI bridge to [bus 1b]
Apr 30 16:10:34 nginx01-jude kernel: [    0.928205] pci 0000:00:18.0:   bridge window [io  0x7000-0x7fff]
Apr 30 16:10:34 nginx01-jude kernel: [    0.928327] pci 0000:00:18.0:   bridge window [mem 0xfd100000-0xfd1fffff]
Apr 30 16:10:34 nginx01-jude kernel: [    0.928476] pci 0000:00:18.0:   bridge window [mem 0xe7800000-0xe78fffff 64bit pref]
Apr 30 16:10:34 nginx01-jude kernel: [    0.947424] pci 0000:00:18.1: PCI bridge to [bus 1c]
Apr 30 16:10:34 nginx01-jude kernel: [    0.947551] pci 0000:00:18.1:   bridge window [io  0xb000-0xbfff]
Apr 30 16:10:34 nginx01-jude kernel: [    0.947672] pci 0000:00:18.1:   bridge window [mem 0xfcd00000-0xfcdfffff]
Apr 30 16:10:34 nginx01-jude kernel: [    0.947821] pci 0000:00:18.1:   bridge window [mem 0xe7400000-0xe74fffff 64bit pref]
Apr 30 16:10:34 nginx01-jude kernel: [    0.966863] pci 0000:00:18.2: PCI bridge to [bus 1d]
Apr 30 16:10:34 nginx01-jude kernel: [    0.967005] pci 0000:00:18.2:   bridge window [mem 0xfc900000-0xfc9fffff]
Apr 30 16:10:34 nginx01-jude kernel: [    0.967155] pci 0000:00:18.2:   bridge window [mem 0xe7000000-0xe70fffff 64bit pref]
Apr 30 16:10:34 nginx01-jude kernel: [    0.986139] pci 0000:00:18.3: PCI bridge to [bus 1e]
Apr 30 16:10:34 nginx01-jude kernel: [    0.986287] pci 0000:00:18.3:   bridge window [mem 0xfc500000-0xfc5fffff]
Apr 30 16:10:34 nginx01-jude kernel: [    0.986437] pci 0000:00:18.3:   bridge window [mem 0xe6c00000-0xe6cfffff 64bit pref]
Apr 30 16:10:34 nginx01-jude kernel: [    1.005496] pci 0000:00:18.4: PCI bridge to [bus 1f]
Apr 30 16:10:34 nginx01-jude kernel: [    1.005639] pci 0000:00:18.4:   bridge window [mem 0xfc100000-0xfc1fffff]
Apr 30 16:10:34 nginx01-jude kernel: [    1.005789] pci 0000:00:18.4:   bridge window [mem 0xe6800000-0xe68fffff 64bit pref]
Apr 30 16:10:34 nginx01-jude kernel: [    1.024714] pci 0000:00:18.5: PCI bridge to [bus 20]
Apr 30 16:10:34 nginx01-jude kernel: [    1.024858] pci 0000:00:18.5:   bridge window [mem 0xfbd00000-0xfbdfffff]
Apr 30 16:10:34 nginx01-jude kernel: [    1.025009] pci 0000:00:18.5:   bridge window [mem 0xe6400000-0xe64fffff 64bit pref]
Apr 30 16:10:34 nginx01-jude kernel: [    1.043874] pci 0000:00:18.6: PCI bridge to [bus 21]
Apr 30 16:10:34 nginx01-jude kernel: [    1.044014] pci 0000:00:18.6:   bridge window [mem 0xfb900000-0xfb9fffff]
Apr 30 16:10:34 nginx01-jude kernel: [    1.044181] pci 0000:00:18.6:   bridge window [mem 0xe6000000-0xe60fffff 64bit pref]
Apr 30 16:10:34 nginx01-jude kernel: [    1.063404] pci 0000:00:18.7: PCI bridge to [bus 22]
Apr 30 16:10:34 nginx01-jude kernel: [    1.063544] pci 0000:00:18.7:   bridge window [mem 0xfb500000-0xfb5fffff]
Apr 30 16:10:34 nginx01-jude kernel: [    1.063694] pci 0000:00:18.7:   bridge window [mem 0xe5c00000-0xe5cfffff 64bit pref]
Apr 30 16:10:34 nginx01-jude kernel: [    1.066793] ACPI: PCI: Interrupt link LNKA configured for IRQ 9
Apr 30 16:10:34 nginx01-jude kernel: [    1.067043] ACPI: PCI: Interrupt link LNKB configured for IRQ 11
Apr 30 16:10:34 nginx01-jude kernel: [    1.067289] ACPI: PCI: Interrupt link LNKC configured for IRQ 10
Apr 30 16:10:34 nginx01-jude kernel: [    1.067534] ACPI: PCI: Interrupt link LNKD configured for IRQ 0
Apr 30 16:10:34 nginx01-jude kernel: [    1.067633] ACPI: PCI: Interrupt link LNKD disabled
Apr 30 16:10:34 nginx01-jude kernel: [    1.080860] iommu: Default domain type: Translated 
Apr 30 16:10:34 nginx01-jude kernel: [    1.080950] iommu: DMA domain TLB invalidation policy: lazy mode 
Apr 30 16:10:34 nginx01-jude kernel: [    1.081305] SCSI subsystem initialized
Apr 30 16:10:34 nginx01-jude kernel: [    1.081439] libata version 3.00 loaded.
Apr 30 16:10:34 nginx01-jude kernel: [    1.081509] pci 0000:00:0f.0: vgaarb: setting as boot VGA device
Apr 30 16:10:34 nginx01-jude kernel: [    1.081610] pci 0000:00:0f.0: vgaarb: VGA device added: decodes=io+mem,owns=io+mem,locks=none
Apr 30 16:10:34 nginx01-jude kernel: [    1.081774] pci 0000:00:0f.0: vgaarb: bridge control possible
Apr 30 16:10:34 nginx01-jude kernel: [    1.081868] vgaarb: loaded
Apr 30 16:10:34 nginx01-jude kernel: [    1.081959] ACPI: bus type USB registered
Apr 30 16:10:34 nginx01-jude kernel: [    1.082053] usbcore: registered new interface driver usbfs
Apr 30 16:10:34 nginx01-jude kernel: [    1.082152] usbcore: registered new interface driver hub
Apr 30 16:10:34 nginx01-jude kernel: [    1.082251] usbcore: registered new device driver usb
Apr 30 16:10:34 nginx01-jude kernel: [    1.082364] pps_core: LinuxPPS API ver. 1 registered
Apr 30 16:10:34 nginx01-jude kernel: [    1.082450] pps_core: Software ver. 5.3.6 - Copyright 2005-2007 Rodolfo Giometti <giometti@linux.it>
Apr 30 16:10:34 nginx01-jude kernel: [    1.082592] PTP clock support registered
Apr 30 16:10:34 nginx01-jude kernel: [    1.082700] EDAC MC: Ver: 3.0.0
Apr 30 16:10:34 nginx01-jude kernel: [    1.084473] NetLabel: Initializing
Apr 30 16:10:34 nginx01-jude kernel: [    1.084545] NetLabel:  domain hash size = 128
Apr 30 16:10:34 nginx01-jude kernel: [    1.084621] NetLabel:  protocols = UNLABELED CIPSOv4 CALIPSO
Apr 30 16:10:34 nginx01-jude kernel: [    1.084740] NetLabel:  unlabeled traffic allowed by default
Apr 30 16:10:34 nginx01-jude kernel: [    1.084875] PCI: Using ACPI for IRQ routing
Apr 30 16:10:34 nginx01-jude kernel: [    1.189612] PCI: pci_cache_line_size set to 64 bytes
Apr 30 16:10:34 nginx01-jude kernel: [    1.190607] e820: reserve RAM buffer [mem 0x0009f400-0x0009ffff]
Apr 30 16:10:34 nginx01-jude kernel: [    1.190614] e820: reserve RAM buffer [mem 0x7fee0000-0x7fffffff]
Apr 30 16:10:34 nginx01-jude kernel: [    1.192606] hpet0: at MMIO 0xfed00000, IRQs 2, 8, 0, 0, 0, 0, 0, 0, 0, 0, 0, 0, 0, 0, 0, 0
Apr 30 16:10:34 nginx01-jude kernel: [    1.192766] hpet0: 16 comparators, 64-bit 14.318180 MHz counter
Apr 30 16:10:34 nginx01-jude kernel: [    1.195734] clocksource: Switched to clocksource tsc-early
Apr 30 16:10:34 nginx01-jude kernel: [    1.209823] VFS: Disk quotas dquot_6.6.0
Apr 30 16:10:34 nginx01-jude kernel: [    1.209941] VFS: Dquot-cache hash table entries: 512 (order 0, 4096 bytes)
Apr 30 16:10:34 nginx01-jude kernel: [    1.210208] AppArmor: AppArmor Filesystem Enabled
Apr 30 16:10:34 nginx01-jude kernel: [    1.210326] pnp: PnP ACPI init
Apr 30 16:10:34 nginx01-jude kernel: [    1.210793] system 00:00: [io  0x1000-0x103f] has been reserved
Apr 30 16:10:34 nginx01-jude kernel: [    1.210897] system 00:00: [io  0x1040-0x104f] has been reserved
Apr 30 16:10:34 nginx01-jude kernel: [    1.210994] system 00:00: [io  0x0cf0-0x0cf1] has been reserved
Apr 30 16:10:34 nginx01-jude kernel: [    1.211539] system 00:04: [mem 0xfed00000-0xfed003ff] has been reserved
Apr 30 16:10:34 nginx01-jude kernel: [    1.221021] system 00:05: [io  0xfce0-0xfcff] has been reserved
Apr 30 16:10:34 nginx01-jude kernel: [    1.221126] system 00:05: [mem 0xf0000000-0xf7ffffff] has been reserved
Apr 30 16:10:34 nginx01-jude kernel: [    1.221232] system 00:05: [mem 0xfe800000-0xfe9fffff] has been reserved
Apr 30 16:10:34 nginx01-jude kernel: [    1.240389] pnp: PnP ACPI: found 6 devices
Apr 30 16:10:34 nginx01-jude kernel: [    1.246730] clocksource: acpi_pm: mask: 0xffffff max_cycles: 0xffffff, max_idle_ns: 2085701024 ns
Apr 30 16:10:34 nginx01-jude kernel: [    1.246957] NET: Registered PF_INET protocol family
Apr 30 16:10:34 nginx01-jude kernel: [    1.247151] IP idents hash table entries: 32768 (order: 6, 262144 bytes, linear)
Apr 30 16:10:34 nginx01-jude kernel: [    1.249014] tcp_listen_portaddr_hash hash table entries: 1024 (order: 2, 16384 bytes, linear)
Apr 30 16:10:34 nginx01-jude kernel: [    1.249194] TCP established hash table entries: 16384 (order: 5, 131072 bytes, linear)
Apr 30 16:10:34 nginx01-jude kernel: [    1.249414] TCP bind hash table entries: 16384 (order: 6, 262144 bytes, linear)
Apr 30 16:10:34 nginx01-jude kernel: [    1.249565] TCP: Hash tables configured (established 16384 bind 16384)
Apr 30 16:10:34 nginx01-jude kernel: [    1.249765] MPTCP token hash table entries: 2048 (order: 3, 49152 bytes, linear)
Apr 30 16:10:34 nginx01-jude kernel: [    1.249915] UDP hash table entries: 1024 (order: 3, 32768 bytes, linear)
Apr 30 16:10:34 nginx01-jude kernel: [    1.250037] UDP-Lite hash table entries: 1024 (order: 3, 32768 bytes, linear)
Apr 30 16:10:34 nginx01-jude kernel: [    1.250193] NET: Registered PF_UNIX/PF_LOCAL protocol family
Apr 30 16:10:34 nginx01-jude kernel: [    1.250296] NET: Registered PF_XDP protocol family
Apr 30 16:10:34 nginx01-jude kernel: [    1.250398] pci 0000:00:15.0: bridge window [mem 0x00100000-0x000fffff 64bit pref] to [bus 03] add_size 200000 add_align 100000
Apr 30 16:10:34 nginx01-jude kernel: [    1.250594] pci 0000:00:15.3: bridge window [io  0x1000-0x0fff] to [bus 06] add_size 1000
Apr 30 16:10:34 nginx01-jude kernel: [    1.250741] pci 0000:00:15.4: bridge window [io  0x1000-0x0fff] to [bus 07] add_size 1000
Apr 30 16:10:34 nginx01-jude kernel: [    1.250871] pci 0000:00:15.5: bridge window [io  0x1000-0x0fff] to [bus 08] add_size 1000
Apr 30 16:10:34 nginx01-jude kernel: [    1.251032] pci 0000:00:15.6: bridge window [io  0x1000-0x0fff] to [bus 09] add_size 1000
Apr 30 16:10:34 nginx01-jude kernel: [    1.251226] pci 0000:00:15.7: bridge window [io  0x1000-0x0fff] to [bus 0a] add_size 1000
Apr 30 16:10:34 nginx01-jude kernel: [    1.251365] pci 0000:00:16.3: bridge window [io  0x1000-0x0fff] to [bus 0e] add_size 1000
Apr 30 16:10:34 nginx01-jude kernel: [    1.251503] pci 0000:00:16.4: bridge window [io  0x1000-0x0fff] to [bus 0f] add_size 1000
Apr 30 16:10:34 nginx01-jude kernel: [    1.251641] pci 0000:00:16.5: bridge window [io  0x1000-0x0fff] to [bus 10] add_size 1000
Apr 30 16:10:34 nginx01-jude kernel: [    1.251777] pci 0000:00:16.6: bridge window [io  0x1000-0x0fff] to [bus 11] add_size 1000
Apr 30 16:10:34 nginx01-jude kernel: [    1.251914] pci 0000:00:16.7: bridge window [io  0x1000-0x0fff] to [bus 12] add_size 1000
Apr 30 16:10:34 nginx01-jude kernel: [    1.252076] pci 0000:00:17.3: bridge window [io  0x1000-0x0fff] to [bus 16] add_size 1000
Apr 30 16:10:34 nginx01-jude kernel: [    1.252209] pci 0000:00:17.4: bridge window [io  0x1000-0x0fff] to [bus 17] add_size 1000
Apr 30 16:10:34 nginx01-jude kernel: [    1.252388] pci 0000:00:17.5: bridge window [io  0x1000-0x0fff] to [bus 18] add_size 1000
Apr 30 16:10:34 nginx01-jude kernel: [    1.252519] pci 0000:00:17.6: bridge window [io  0x1000-0x0fff] to [bus 19] add_size 1000
Apr 30 16:10:34 nginx01-jude kernel: [    1.252648] pci 0000:00:17.7: bridge window [io  0x1000-0x0fff] to [bus 1a] add_size 1000
Apr 30 16:10:34 nginx01-jude kernel: [    1.252777] pci 0000:00:18.2: bridge window [io  0x1000-0x0fff] to [bus 1d] add_size 1000
Apr 30 16:10:34 nginx01-jude kernel: [    1.252908] pci 0000:00:18.3: bridge window [io  0x1000-0x0fff] to [bus 1e] add_size 1000
Apr 30 16:10:34 nginx01-jude kernel: [    1.253039] pci 0000:00:18.4: bridge window [io  0x1000-0x0fff] to [bus 1f] add_size 1000
Apr 30 16:10:34 nginx01-jude kernel: [    1.253168] pci 0000:00:18.5: bridge window [io  0x1000-0x0fff] to [bus 20] add_size 1000
Apr 30 16:10:34 nginx01-jude kernel: [    1.253298] pci 0000:00:18.6: bridge window [io  0x1000-0x0fff] to [bus 21] add_size 1000
Apr 30 16:10:34 nginx01-jude kernel: [    1.253427] pci 0000:00:18.7: bridge window [io  0x1000-0x0fff] to [bus 22] add_size 1000
Apr 30 16:10:34 nginx01-jude kernel: [    1.253580] pci 0000:00:15.0: BAR 15: assigned [mem 0x80000000-0x801fffff 64bit pref]
Apr 30 16:10:34 nginx01-jude kernel: [    1.253707] pci 0000:00:10.0: BAR 6: assigned [mem 0x80200000-0x80203fff pref]
Apr 30 16:10:34 nginx01-jude kernel: [    1.253827] pci 0000:00:15.3: BAR 13: no space for [io  size 0x1000]
Apr 30 16:10:34 nginx01-jude kernel: [    1.253927] pci 0000:00:15.3: BAR 13: failed to assign [io  size 0x1000]
Apr 30 16:10:34 nginx01-jude kernel: [    1.254033] pci 0000:00:15.4: BAR 13: no space for [io  size 0x1000]
Apr 30 16:10:34 nginx01-jude kernel: [    1.254133] pci 0000:00:15.4: BAR 13: failed to assign [io  size 0x1000]
Apr 30 16:10:34 nginx01-jude kernel: [    1.254239] pci 0000:00:15.5: BAR 13: no space for [io  size 0x1000]
Apr 30 16:10:34 nginx01-jude kernel: [    1.254339] pci 0000:00:15.5: BAR 13: failed to assign [io  size 0x1000]
Apr 30 16:10:34 nginx01-jude kernel: [    1.254445] pci 0000:00:15.6: BAR 13: no space for [io  size 0x1000]
Apr 30 16:10:34 nginx01-jude kernel: [    1.254545] pci 0000:00:15.6: BAR 13: failed to assign [io  size 0x1000]
Apr 30 16:10:34 nginx01-jude kernel: [    1.254700] pci 0000:00:15.7: BAR 13: no space for [io  size 0x1000]
Apr 30 16:10:34 nginx01-jude kernel: [    1.254804] pci 0000:00:15.7: BAR 13: failed to assign [io  size 0x1000]
Apr 30 16:10:34 nginx01-jude kernel: [    1.254911] pci 0000:00:16.3: BAR 13: no space for [io  size 0x1000]
Apr 30 16:10:34 nginx01-jude kernel: [    1.255011] pci 0000:00:16.3: BAR 13: failed to assign [io  size 0x1000]
Apr 30 16:10:34 nginx01-jude kernel: [    1.255117] pci 0000:00:16.4: BAR 13: no space for [io  size 0x1000]
Apr 30 16:10:34 nginx01-jude kernel: [    1.255217] pci 0000:00:16.4: BAR 13: failed to assign [io  size 0x1000]
Apr 30 16:10:34 nginx01-jude kernel: [    1.255323] pci 0000:00:16.5: BAR 13: no space for [io  size 0x1000]
Apr 30 16:10:34 nginx01-jude kernel: [    1.255424] pci 0000:00:16.5: BAR 13: failed to assign [io  size 0x1000]
Apr 30 16:10:34 nginx01-jude kernel: [    1.255530] pci 0000:00:16.6: BAR 13: no space for [io  size 0x1000]
Apr 30 16:10:34 nginx01-jude kernel: [    1.255631] pci 0000:00:16.6: BAR 13: failed to assign [io  size 0x1000]
Apr 30 16:10:34 nginx01-jude kernel: [    1.255737] pci 0000:00:16.7: BAR 13: no space for [io  size 0x1000]
Apr 30 16:10:34 nginx01-jude kernel: [    1.255838] pci 0000:00:16.7: BAR 13: failed to assign [io  size 0x1000]
Apr 30 16:10:34 nginx01-jude kernel: [    1.255956] pci 0000:00:17.3: BAR 13: no space for [io  size 0x1000]
Apr 30 16:10:34 nginx01-jude kernel: [    1.256109] pci 0000:00:17.3: BAR 13: failed to assign [io  size 0x1000]
Apr 30 16:10:34 nginx01-jude kernel: [    1.256266] pci 0000:00:17.4: BAR 13: no space for [io  size 0x1000]
Apr 30 16:10:34 nginx01-jude kernel: [    1.256372] pci 0000:00:17.4: BAR 13: failed to assign [io  size 0x1000]
Apr 30 16:10:34 nginx01-jude kernel: [    1.256477] pci 0000:00:17.5: BAR 13: no space for [io  size 0x1000]
Apr 30 16:10:34 nginx01-jude kernel: [    1.256578] pci 0000:00:17.5: BAR 13: failed to assign [io  size 0x1000]
Apr 30 16:10:34 nginx01-jude kernel: [    1.256684] pci 0000:00:17.6: BAR 13: no space for [io  size 0x1000]
Apr 30 16:10:34 nginx01-jude kernel: [    1.256784] pci 0000:00:17.6: BAR 13: failed to assign [io  size 0x1000]
Apr 30 16:10:34 nginx01-jude kernel: [    1.256890] pci 0000:00:17.7: BAR 13: no space for [io  size 0x1000]
Apr 30 16:10:34 nginx01-jude kernel: [    1.256990] pci 0000:00:17.7: BAR 13: failed to assign [io  size 0x1000]
Apr 30 16:10:34 nginx01-jude kernel: [    1.257096] pci 0000:00:18.2: BAR 13: no space for [io  size 0x1000]
Apr 30 16:10:34 nginx01-jude kernel: [    1.257196] pci 0000:00:18.2: BAR 13: failed to assign [io  size 0x1000]
Apr 30 16:10:34 nginx01-jude kernel: [    1.257302] pci 0000:00:18.3: BAR 13: no space for [io  size 0x1000]
Apr 30 16:10:34 nginx01-jude kernel: [    1.257402] pci 0000:00:18.3: BAR 13: failed to assign [io  size 0x1000]
Apr 30 16:10:34 nginx01-jude kernel: [    1.257508] pci 0000:00:18.4: BAR 13: no space for [io  size 0x1000]
Apr 30 16:10:34 nginx01-jude kernel: [    1.257609] pci 0000:00:18.4: BAR 13: failed to assign [io  size 0x1000]
Apr 30 16:10:34 nginx01-jude kernel: [    1.257718] pci 0000:00:18.5: BAR 13: no space for [io  size 0x1000]
Apr 30 16:10:34 nginx01-jude kernel: [    1.257818] pci 0000:00:18.5: BAR 13: failed to assign [io  size 0x1000]
Apr 30 16:10:34 nginx01-jude kernel: [    1.257924] pci 0000:00:18.6: BAR 13: no space for [io  size 0x1000]
Apr 30 16:10:34 nginx01-jude kernel: [    1.258024] pci 0000:00:18.6: BAR 13: failed to assign [io  size 0x1000]
Apr 30 16:10:34 nginx01-jude kernel: [    1.258130] pci 0000:00:18.7: BAR 13: no space for [io  size 0x1000]
Apr 30 16:10:34 nginx01-jude kernel: [    1.258231] pci 0000:00:18.7: BAR 13: failed to assign [io  size 0x1000]
Apr 30 16:10:34 nginx01-jude kernel: [    1.258341] pci 0000:00:18.7: BAR 13: no space for [io  size 0x1000]
Apr 30 16:10:34 nginx01-jude kernel: [    1.258443] pci 0000:00:18.7: BAR 13: failed to assign [io  size 0x1000]
Apr 30 16:10:34 nginx01-jude kernel: [    1.258559] pci 0000:00:18.6: BAR 13: no space for [io  size 0x1000]
Apr 30 16:10:34 nginx01-jude kernel: [    1.258675] pci 0000:00:18.6: BAR 13: failed to assign [io  size 0x1000]
Apr 30 16:10:34 nginx01-jude kernel: [    1.258782] pci 0000:00:18.5: BAR 13: no space for [io  size 0x1000]
Apr 30 16:10:34 nginx01-jude kernel: [    1.258883] pci 0000:00:18.5: BAR 13: failed to assign [io  size 0x1000]
Apr 30 16:10:34 nginx01-jude kernel: [    1.258989] pci 0000:00:18.4: BAR 13: no space for [io  size 0x1000]
Apr 30 16:10:34 nginx01-jude kernel: [    1.259089] pci 0000:00:18.4: BAR 13: failed to assign [io  size 0x1000]
Apr 30 16:10:34 nginx01-jude kernel: [    1.259194] pci 0000:00:18.3: BAR 13: no space for [io  size 0x1000]
Apr 30 16:10:34 nginx01-jude kernel: [    1.259294] pci 0000:00:18.3: BAR 13: failed to assign [io  size 0x1000]
Apr 30 16:10:34 nginx01-jude kernel: [    1.259399] pci 0000:00:18.2: BAR 13: no space for [io  size 0x1000]
Apr 30 16:10:34 nginx01-jude kernel: [    1.259500] pci 0000:00:18.2: BAR 13: failed to assign [io  size 0x1000]
Apr 30 16:10:34 nginx01-jude kernel: [    1.259606] pci 0000:00:17.7: BAR 13: no space for [io  size 0x1000]
Apr 30 16:10:34 nginx01-jude kernel: [    1.259706] pci 0000:00:17.7: BAR 13: failed to assign [io  size 0x1000]
Apr 30 16:10:34 nginx01-jude kernel: [    1.259812] pci 0000:00:17.6: BAR 13: no space for [io  size 0x1000]
Apr 30 16:10:34 nginx01-jude kernel: [    1.259912] pci 0000:00:17.6: BAR 13: failed to assign [io  size 0x1000]
Apr 30 16:10:34 nginx01-jude kernel: [    1.260017] pci 0000:00:17.5: BAR 13: no space for [io  size 0x1000]
Apr 30 16:10:34 nginx01-jude kernel: [    1.260118] pci 0000:00:17.5: BAR 13: failed to assign [io  size 0x1000]
Apr 30 16:10:34 nginx01-jude kernel: [    1.260223] pci 0000:00:17.4: BAR 13: no space for [io  size 0x1000]
Apr 30 16:10:34 nginx01-jude kernel: [    1.260324] pci 0000:00:17.4: BAR 13: failed to assign [io  size 0x1000]
Apr 30 16:10:34 nginx01-jude kernel: [    1.260429] pci 0000:00:17.3: BAR 13: no space for [io  size 0x1000]
Apr 30 16:10:34 nginx01-jude kernel: [    1.260529] pci 0000:00:17.3: BAR 13: failed to assign [io  size 0x1000]
Apr 30 16:10:34 nginx01-jude kernel: [    1.260636] pci 0000:00:16.7: BAR 13: no space for [io  size 0x1000]
Apr 30 16:10:34 nginx01-jude kernel: [    1.260736] pci 0000:00:16.7: BAR 13: failed to assign [io  size 0x1000]
Apr 30 16:10:34 nginx01-jude kernel: [    1.261140] pci 0000:00:16.6: BAR 13: no space for [io  size 0x1000]
Apr 30 16:10:34 nginx01-jude kernel: [    1.261240] pci 0000:00:16.6: BAR 13: failed to assign [io  size 0x1000]
Apr 30 16:10:34 nginx01-jude kernel: [    1.261347] pci 0000:00:16.5: BAR 13: no space for [io  size 0x1000]
Apr 30 16:10:34 nginx01-jude kernel: [    1.261447] pci 0000:00:16.5: BAR 13: failed to assign [io  size 0x1000]
Apr 30 16:10:34 nginx01-jude kernel: [    1.261553] pci 0000:00:16.4: BAR 13: no space for [io  size 0x1000]
Apr 30 16:10:34 nginx01-jude kernel: [    1.261654] pci 0000:00:16.4: BAR 13: failed to assign [io  size 0x1000]
Apr 30 16:10:34 nginx01-jude kernel: [    1.261760] pci 0000:00:16.3: BAR 13: no space for [io  size 0x1000]
Apr 30 16:10:34 nginx01-jude kernel: [    1.261861] pci 0000:00:16.3: BAR 13: failed to assign [io  size 0x1000]
Apr 30 16:10:34 nginx01-jude kernel: [    1.261967] pci 0000:00:15.7: BAR 13: no space for [io  size 0x1000]
Apr 30 16:10:34 nginx01-jude kernel: [    1.262067] pci 0000:00:15.7: BAR 13: failed to assign [io  size 0x1000]
Apr 30 16:10:34 nginx01-jude kernel: [    1.262173] pci 0000:00:15.6: BAR 13: no space for [io  size 0x1000]
Apr 30 16:10:34 nginx01-jude kernel: [    1.262274] pci 0000:00:15.6: BAR 13: failed to assign [io  size 0x1000]
Apr 30 16:10:34 nginx01-jude kernel: [    1.262421] pci 0000:00:15.5: BAR 13: no space for [io  size 0x1000]
Apr 30 16:10:34 nginx01-jude kernel: [    1.262523] pci 0000:00:15.5: BAR 13: failed to assign [io  size 0x1000]
Apr 30 16:10:34 nginx01-jude kernel: [    1.262643] pci 0000:00:15.4: BAR 13: no space for [io  size 0x1000]
Apr 30 16:10:34 nginx01-jude kernel: [    1.262744] pci 0000:00:15.4: BAR 13: failed to assign [io  size 0x1000]
Apr 30 16:10:34 nginx01-jude kernel: [    1.262850] pci 0000:00:15.3: BAR 13: no space for [io  size 0x1000]
Apr 30 16:10:34 nginx01-jude kernel: [    1.262951] pci 0000:00:15.3: BAR 13: failed to assign [io  size 0x1000]
Apr 30 16:10:34 nginx01-jude kernel: [    1.263058] pci 0000:00:01.0: PCI bridge to [bus 01]
Apr 30 16:10:34 nginx01-jude kernel: [    1.263256] pci 0000:02:00.0: BAR 6: assigned [mem 0xfd500000-0xfd50ffff pref]
Apr 30 16:10:34 nginx01-jude kernel: [    1.263376] pci 0000:00:11.0: PCI bridge to [bus 02]
Apr 30 16:10:34 nginx01-jude kernel: [    1.263474] pci 0000:00:11.0:   bridge window [io  0x2000-0x3fff]
Apr 30 16:10:34 nginx01-jude kernel: [    1.263605] pci 0000:00:11.0:   bridge window [mem 0xfd500000-0xfdffffff]
Apr 30 16:10:34 nginx01-jude kernel: [    1.263733] pci 0000:00:11.0:   bridge window [mem 0xe7b00000-0xe7ffffff 64bit pref]
Apr 30 16:10:34 nginx01-jude kernel: [    1.263902] pci 0000:03:00.0: BAR 6: assigned [mem 0xfd400000-0xfd40ffff pref]
Apr 30 16:10:34 nginx01-jude kernel: [    1.264021] pci 0000:00:15.0: PCI bridge to [bus 03]
Apr 30 16:10:34 nginx01-jude kernel: [    1.264117] pci 0000:00:15.0:   bridge window [io  0x4000-0x4fff]
Apr 30 16:10:34 nginx01-jude kernel: [    1.264248] pci 0000:00:15.0:   bridge window [mem 0xfd400000-0xfd4fffff]
Apr 30 16:10:34 nginx01-jude kernel: [    1.264376] pci 0000:00:15.0:   bridge window [mem 0x80000000-0x801fffff 64bit pref]
Apr 30 16:10:34 nginx01-jude kernel: [    1.264601] pci 0000:00:15.1: PCI bridge to [bus 04]
Apr 30 16:10:34 nginx01-jude kernel: [    1.264700] pci 0000:00:15.1:   bridge window [io  0x8000-0x8fff]
Apr 30 16:10:34 nginx01-jude kernel: [    1.264831] pci 0000:00:15.1:   bridge window [mem 0xfd000000-0xfd0fffff]
Apr 30 16:10:34 nginx01-jude kernel: [    1.264960] pci 0000:00:15.1:   bridge window [mem 0xe7700000-0xe77fffff 64bit pref]
Apr 30 16:10:34 nginx01-jude kernel: [    1.265140] pci 0000:00:15.2: PCI bridge to [bus 05]
Apr 30 16:10:34 nginx01-jude kernel: [    1.265238] pci 0000:00:15.2:   bridge window [io  0xc000-0xcfff]
Apr 30 16:10:34 nginx01-jude kernel: [    1.265369] pci 0000:00:15.2:   bridge window [mem 0xfcc00000-0xfccfffff]
Apr 30 16:10:34 nginx01-jude kernel: [    1.265507] pci 0000:00:15.2:   bridge window [mem 0xe7300000-0xe73fffff 64bit pref]
Apr 30 16:10:34 nginx01-jude kernel: [    1.265694] pci 0000:00:15.3: PCI bridge to [bus 06]
Apr 30 16:10:34 nginx01-jude kernel: [    1.265820] pci 0000:00:15.3:   bridge window [mem 0xfc800000-0xfc8fffff]
Apr 30 16:10:34 nginx01-jude kernel: [    1.265955] pci 0000:00:15.3:   bridge window [mem 0xe6f00000-0xe6ffffff 64bit pref]
Apr 30 16:10:34 nginx01-jude kernel: [    1.266139] pci 0000:00:15.4: PCI bridge to [bus 07]
Apr 30 16:10:34 nginx01-jude kernel: [    1.266264] pci 0000:00:15.4:   bridge window [mem 0xfc400000-0xfc4fffff]
Apr 30 16:10:34 nginx01-jude kernel: [    1.266393] pci 0000:00:15.4:   bridge window [mem 0xe6b00000-0xe6bfffff 64bit pref]
Apr 30 16:10:34 nginx01-jude kernel: [    1.266570] pci 0000:00:15.5: PCI bridge to [bus 08]
Apr 30 16:10:34 nginx01-jude kernel: [    1.266725] pci 0000:00:15.5:   bridge window [mem 0xfc000000-0xfc0fffff]
Apr 30 16:10:34 nginx01-jude kernel: [    1.266856] pci 0000:00:15.5:   bridge window [mem 0xe6700000-0xe67fffff 64bit pref]
Apr 30 16:10:34 nginx01-jude kernel: [    1.267037] pci 0000:00:15.6: PCI bridge to [bus 09]
Apr 30 16:10:34 nginx01-jude kernel: [    1.267157] pci 0000:00:15.6:   bridge window [mem 0xfbc00000-0xfbcfffff]
Apr 30 16:10:34 nginx01-jude kernel: [    1.267285] pci 0000:00:15.6:   bridge window [mem 0xe6300000-0xe63fffff 64bit pref]
Apr 30 16:10:34 nginx01-jude kernel: [    1.267463] pci 0000:00:15.7: PCI bridge to [bus 0a]
Apr 30 16:10:34 nginx01-jude kernel: [    1.267582] pci 0000:00:15.7:   bridge window [mem 0xfb800000-0xfb8fffff]
Apr 30 16:10:34 nginx01-jude kernel: [    1.267711] pci 0000:00:15.7:   bridge window [mem 0xe5f00000-0xe5ffffff 64bit pref]
Apr 30 16:10:34 nginx01-jude kernel: [    1.267889] pci 0000:00:16.0: PCI bridge to [bus 0b]
Apr 30 16:10:34 nginx01-jude kernel: [    1.267987] pci 0000:00:16.0:   bridge window [io  0x5000-0x5fff]
Apr 30 16:10:34 nginx01-jude kernel: [    1.268118] pci 0000:00:16.0:   bridge window [mem 0xfd300000-0xfd3fffff]
Apr 30 16:10:34 nginx01-jude kernel: [    1.268246] pci 0000:00:16.0:   bridge window [mem 0xe7a00000-0xe7afffff 64bit pref]
Apr 30 16:10:34 nginx01-jude kernel: [    1.268426] pci 0000:00:16.1: PCI bridge to [bus 0c]
Apr 30 16:10:34 nginx01-jude kernel: [    1.268523] pci 0000:00:16.1:   bridge window [io  0x9000-0x9fff]
Apr 30 16:10:34 nginx01-jude kernel: [    1.268654] pci 0000:00:16.1:   bridge window [mem 0xfcf00000-0xfcffffff]
Apr 30 16:10:34 nginx01-jude kernel: [    1.268782] pci 0000:00:16.1:   bridge window [mem 0xe7600000-0xe76fffff 64bit pref]
Apr 30 16:10:34 nginx01-jude kernel: [    1.268960] pci 0000:00:16.2: PCI bridge to [bus 0d]
Apr 30 16:10:34 nginx01-jude kernel: [    1.269058] pci 0000:00:16.2:   bridge window [io  0xd000-0xdfff]
Apr 30 16:10:34 nginx01-jude kernel: [    1.269189] pci 0000:00:16.2:   bridge window [mem 0xfcb00000-0xfcbfffff]
Apr 30 16:10:34 nginx01-jude kernel: [    1.269317] pci 0000:00:16.2:   bridge window [mem 0xe7200000-0xe72fffff 64bit pref]
Apr 30 16:10:34 nginx01-jude kernel: [    1.269495] pci 0000:00:16.3: PCI bridge to [bus 0e]
Apr 30 16:10:34 nginx01-jude kernel: [    1.269614] pci 0000:00:16.3:   bridge window [mem 0xfc700000-0xfc7fffff]
Apr 30 16:10:34 nginx01-jude kernel: [    1.269743] pci 0000:00:16.3:   bridge window [mem 0xe6e00000-0xe6efffff 64bit pref]
Apr 30 16:10:34 nginx01-jude kernel: [    1.269920] pci 0000:00:16.4: PCI bridge to [bus 0f]
Apr 30 16:10:34 nginx01-jude kernel: [    1.270039] pci 0000:00:16.4:   bridge window [mem 0xfc300000-0xfc3fffff]
Apr 30 16:10:34 nginx01-jude kernel: [    1.270167] pci 0000:00:16.4:   bridge window [mem 0xe6a00000-0xe6afffff 64bit pref]
Apr 30 16:10:34 nginx01-jude kernel: [    1.270368] pci 0000:00:16.5: PCI bridge to [bus 10]
Apr 30 16:10:34 nginx01-jude kernel: [    1.270493] pci 0000:00:16.5:   bridge window [mem 0xfbf00000-0xfbffffff]
Apr 30 16:10:34 nginx01-jude kernel: [    1.270643] pci 0000:00:16.5:   bridge window [mem 0xe6600000-0xe66fffff 64bit pref]
Apr 30 16:10:34 nginx01-jude kernel: [    1.270828] pci 0000:00:16.6: PCI bridge to [bus 11]
Apr 30 16:10:34 nginx01-jude kernel: [    1.270947] pci 0000:00:16.6:   bridge window [mem 0xfbb00000-0xfbbfffff]
Apr 30 16:10:34 nginx01-jude kernel: [    1.271076] pci 0000:00:16.6:   bridge window [mem 0xe6200000-0xe62fffff 64bit pref]
Apr 30 16:10:34 nginx01-jude kernel: [    1.271253] pci 0000:00:16.7: PCI bridge to [bus 12]
Apr 30 16:10:34 nginx01-jude kernel: [    1.271372] pci 0000:00:16.7:   bridge window [mem 0xfb700000-0xfb7fffff]
Apr 30 16:10:34 nginx01-jude kernel: [    1.271500] pci 0000:00:16.7:   bridge window [mem 0xe5e00000-0xe5efffff 64bit pref]
Apr 30 16:10:34 nginx01-jude kernel: [    1.271677] pci 0000:00:17.0: PCI bridge to [bus 13]
Apr 30 16:10:34 nginx01-jude kernel: [    1.271774] pci 0000:00:17.0:   bridge window [io  0x6000-0x6fff]
Apr 30 16:10:34 nginx01-jude kernel: [    1.271905] pci 0000:00:17.0:   bridge window [mem 0xfd200000-0xfd2fffff]
Apr 30 16:10:34 nginx01-jude kernel: [    1.272033] pci 0000:00:17.0:   bridge window [mem 0xe7900000-0xe79fffff 64bit pref]
Apr 30 16:10:34 nginx01-jude kernel: [    1.272209] pci 0000:00:17.1: PCI bridge to [bus 14]
Apr 30 16:10:34 nginx01-jude kernel: [    1.272326] pci 0000:00:17.1:   bridge window [io  0xa000-0xafff]
Apr 30 16:10:34 nginx01-jude kernel: [    1.272457] pci 0000:00:17.1:   bridge window [mem 0xfce00000-0xfcefffff]
Apr 30 16:10:34 nginx01-jude kernel: [    1.272586] pci 0000:00:17.1:   bridge window [mem 0xe7500000-0xe75fffff 64bit pref]
Apr 30 16:10:34 nginx01-jude kernel: [    1.272764] pci 0000:00:17.2: PCI bridge to [bus 15]
Apr 30 16:10:34 nginx01-jude kernel: [    1.272862] pci 0000:00:17.2:   bridge window [io  0xe000-0xefff]
Apr 30 16:10:34 nginx01-jude kernel: [    1.272992] pci 0000:00:17.2:   bridge window [mem 0xfca00000-0xfcafffff]
Apr 30 16:10:34 nginx01-jude kernel: [    1.273120] pci 0000:00:17.2:   bridge window [mem 0xe7100000-0xe71fffff 64bit pref]
Apr 30 16:10:34 nginx01-jude kernel: [    1.273297] pci 0000:00:17.3: PCI bridge to [bus 16]
Apr 30 16:10:34 nginx01-jude kernel: [    1.273416] pci 0000:00:17.3:   bridge window [mem 0xfc600000-0xfc6fffff]
Apr 30 16:10:34 nginx01-jude kernel: [    1.273544] pci 0000:00:17.3:   bridge window [mem 0xe6d00000-0xe6dfffff 64bit pref]
Apr 30 16:10:34 nginx01-jude kernel: [    1.273722] pci 0000:00:17.4: PCI bridge to [bus 17]
Apr 30 16:10:34 nginx01-jude kernel: [    1.273841] pci 0000:00:17.4:   bridge window [mem 0xfc200000-0xfc2fffff]
Apr 30 16:10:34 nginx01-jude kernel: [    1.273969] pci 0000:00:17.4:   bridge window [mem 0xe6900000-0xe69fffff 64bit pref]
Apr 30 16:10:34 nginx01-jude kernel: [    1.274146] pci 0000:00:17.5: PCI bridge to [bus 18]
Apr 30 16:10:34 nginx01-jude kernel: [    1.274266] pci 0000:00:17.5:   bridge window [mem 0xfbe00000-0xfbefffff]
Apr 30 16:10:34 nginx01-jude kernel: [    1.274411] pci 0000:00:17.5:   bridge window [mem 0xe6500000-0xe65fffff 64bit pref]
Apr 30 16:10:34 nginx01-jude kernel: [    1.274593] pci 0000:00:17.6: PCI bridge to [bus 19]
Apr 30 16:10:34 nginx01-jude kernel: [    1.274729] pci 0000:00:17.6:   bridge window [mem 0xfba00000-0xfbafffff]
Apr 30 16:10:34 nginx01-jude kernel: [    1.274858] pci 0000:00:17.6:   bridge window [mem 0xe6100000-0xe61fffff 64bit pref]
Apr 30 16:10:34 nginx01-jude kernel: [    1.275038] pci 0000:00:17.7: PCI bridge to [bus 1a]
Apr 30 16:10:34 nginx01-jude kernel: [    1.275158] pci 0000:00:17.7:   bridge window [mem 0xfb600000-0xfb6fffff]
Apr 30 16:10:34 nginx01-jude kernel: [    1.275287] pci 0000:00:17.7:   bridge window [mem 0xe5d00000-0xe5dfffff 64bit pref]
Apr 30 16:10:34 nginx01-jude kernel: [    1.275465] pci 0000:00:18.0: PCI bridge to [bus 1b]
Apr 30 16:10:34 nginx01-jude kernel: [    1.275563] pci 0000:00:18.0:   bridge window [io  0x7000-0x7fff]
Apr 30 16:10:34 nginx01-jude kernel: [    1.275693] pci 0000:00:18.0:   bridge window [mem 0xfd100000-0xfd1fffff]
Apr 30 16:10:34 nginx01-jude kernel: [    1.275822] pci 0000:00:18.0:   bridge window [mem 0xe7800000-0xe78fffff 64bit pref]
Apr 30 16:10:34 nginx01-jude kernel: [    1.276000] pci 0000:00:18.1: PCI bridge to [bus 1c]
Apr 30 16:10:34 nginx01-jude kernel: [    1.276097] pci 0000:00:18.1:   bridge window [io  0xb000-0xbfff]
Apr 30 16:10:34 nginx01-jude kernel: [    1.276228] pci 0000:00:18.1:   bridge window [mem 0xfcd00000-0xfcdfffff]
Apr 30 16:10:34 nginx01-jude kernel: [    1.276356] pci 0000:00:18.1:   bridge window [mem 0xe7400000-0xe74fffff 64bit pref]
Apr 30 16:10:34 nginx01-jude kernel: [    1.276533] pci 0000:00:18.2: PCI bridge to [bus 1d]
Apr 30 16:10:34 nginx01-jude kernel: [    1.276653] pci 0000:00:18.2:   bridge window [mem 0xfc900000-0xfc9fffff]
Apr 30 16:10:34 nginx01-jude kernel: [    1.276781] pci 0000:00:18.2:   bridge window [mem 0xe7000000-0xe70fffff 64bit pref]
Apr 30 16:10:34 nginx01-jude kernel: [    1.276959] pci 0000:00:18.3: PCI bridge to [bus 1e]
Apr 30 16:10:34 nginx01-jude kernel: [    1.277078] pci 0000:00:18.3:   bridge window [mem 0xfc500000-0xfc5fffff]
Apr 30 16:10:34 nginx01-jude kernel: [    1.277206] pci 0000:00:18.3:   bridge window [mem 0xe6c00000-0xe6cfffff 64bit pref]
Apr 30 16:10:34 nginx01-jude kernel: [    1.277384] pci 0000:00:18.4: PCI bridge to [bus 1f]
Apr 30 16:10:34 nginx01-jude kernel: [    1.277503] pci 0000:00:18.4:   bridge window [mem 0xfc100000-0xfc1fffff]
Apr 30 16:10:34 nginx01-jude kernel: [    1.277631] pci 0000:00:18.4:   bridge window [mem 0xe6800000-0xe68fffff 64bit pref]
Apr 30 16:10:34 nginx01-jude kernel: [    1.277809] pci 0000:00:18.5: PCI bridge to [bus 20]
Apr 30 16:10:34 nginx01-jude kernel: [    1.277928] pci 0000:00:18.5:   bridge window [mem 0xfbd00000-0xfbdfffff]
Apr 30 16:10:34 nginx01-jude kernel: [    1.278056] pci 0000:00:18.5:   bridge window [mem 0xe6400000-0xe64fffff 64bit pref]
Apr 30 16:10:34 nginx01-jude kernel: [    1.278234] pci 0000:00:18.6: PCI bridge to [bus 21]
Apr 30 16:10:34 nginx01-jude kernel: [    1.278353] pci 0000:00:18.6:   bridge window [mem 0xfb900000-0xfb9fffff]
Apr 30 16:10:34 nginx01-jude kernel: [    1.278481] pci 0000:00:18.6:   bridge window [mem 0xe6000000-0xe60fffff 64bit pref]
Apr 30 16:10:34 nginx01-jude kernel: [    1.278684] pci 0000:00:18.7: PCI bridge to [bus 22]
Apr 30 16:10:34 nginx01-jude kernel: [    1.278807] pci 0000:00:18.7:   bridge window [mem 0xfb500000-0xfb5fffff]
Apr 30 16:10:34 nginx01-jude kernel: [    1.278935] pci 0000:00:18.7:   bridge window [mem 0xe5c00000-0xe5cfffff 64bit pref]
Apr 30 16:10:34 nginx01-jude kernel: [    1.279113] pci_bus 0000:00: resource 4 [io  0x0000-0x0cf7 window]
Apr 30 16:10:34 nginx01-jude kernel: [    1.279214] pci_bus 0000:00: resource 5 [io  0x0d00-0xfeff window]
Apr 30 16:10:34 nginx01-jude kernel: [    1.279312] pci_bus 0000:00: resource 6 [mem 0x000a0000-0x000bffff window]
Apr 30 16:10:34 nginx01-jude kernel: [    1.279418] pci_bus 0000:00: resource 7 [mem 0x000d0000-0x000dbfff window]
Apr 30 16:10:34 nginx01-jude kernel: [    1.279524] pci_bus 0000:00: resource 8 [mem 0x80000000-0xfebfffff window]
Apr 30 16:10:34 nginx01-jude kernel: [    1.279632] pci_bus 0000:02: resource 0 [io  0x2000-0x3fff]
Apr 30 16:10:34 nginx01-jude kernel: [    1.279722] pci_bus 0000:02: resource 1 [mem 0xfd500000-0xfdffffff]
Apr 30 16:10:34 nginx01-jude kernel: [    1.279821] pci_bus 0000:02: resource 2 [mem 0xe7b00000-0xe7ffffff 64bit pref]
Apr 30 16:10:34 nginx01-jude kernel: [    1.299098] pci_bus 0000:02: resource 4 [io  0x0000-0x0cf7 window]
Apr 30 16:10:34 nginx01-jude kernel: [    1.299199] pci_bus 0000:02: resource 5 [io  0x0d00-0xfeff window]
Apr 30 16:10:34 nginx01-jude kernel: [    1.299297] pci_bus 0000:02: resource 6 [mem 0x000a0000-0x000bffff window]
Apr 30 16:10:34 nginx01-jude kernel: [    1.299404] pci_bus 0000:02: resource 7 [mem 0x000d0000-0x000dbfff window]
Apr 30 16:10:34 nginx01-jude kernel: [    1.299807] pci_bus 0000:02: resource 8 [mem 0x80000000-0xfebfffff window]
Apr 30 16:10:34 nginx01-jude kernel: [    1.299916] pci_bus 0000:03: resource 0 [io  0x4000-0x4fff]
Apr 30 16:10:34 nginx01-jude kernel: [    1.300012] pci_bus 0000:03: resource 1 [mem 0xfd400000-0xfd4fffff]
Apr 30 16:10:34 nginx01-jude kernel: [    1.300117] pci_bus 0000:03: resource 2 [mem 0x80000000-0x801fffff 64bit pref]
Apr 30 16:10:34 nginx01-jude kernel: [    1.300241] pci_bus 0000:04: resource 0 [io  0x8000-0x8fff]
Apr 30 16:10:34 nginx01-jude kernel: [    1.300337] pci_bus 0000:04: resource 1 [mem 0xfd000000-0xfd0fffff]
Apr 30 16:10:34 nginx01-jude kernel: [    1.300443] pci_bus 0000:04: resource 2 [mem 0xe7700000-0xe77fffff 64bit pref]
Apr 30 16:10:34 nginx01-jude kernel: [    1.300567] pci_bus 0000:05: resource 0 [io  0xc000-0xcfff]
Apr 30 16:10:34 nginx01-jude kernel: [    1.300660] pci_bus 0000:05: resource 1 [mem 0xfcc00000-0xfccfffff]
Apr 30 16:10:34 nginx01-jude kernel: [    1.300759] pci_bus 0000:05: resource 2 [mem 0xe7300000-0xe73fffff 64bit pref]
Apr 30 16:10:34 nginx01-jude kernel: [    1.300875] pci_bus 0000:06: resource 1 [mem 0xfc800000-0xfc8fffff]
Apr 30 16:10:34 nginx01-jude kernel: [    1.300974] pci_bus 0000:06: resource 2 [mem 0xe6f00000-0xe6ffffff 64bit pref]
Apr 30 16:10:34 nginx01-jude kernel: [    1.301090] pci_bus 0000:07: resource 1 [mem 0xfc400000-0xfc4fffff]
Apr 30 16:10:34 nginx01-jude kernel: [    1.301189] pci_bus 0000:07: resource 2 [mem 0xe6b00000-0xe6bfffff 64bit pref]
Apr 30 16:10:34 nginx01-jude kernel: [    1.301305] pci_bus 0000:08: resource 1 [mem 0xfc000000-0xfc0fffff]
Apr 30 16:10:34 nginx01-jude kernel: [    1.301403] pci_bus 0000:08: resource 2 [mem 0xe6700000-0xe67fffff 64bit pref]
Apr 30 16:10:34 nginx01-jude kernel: [    1.301519] pci_bus 0000:09: resource 1 [mem 0xfbc00000-0xfbcfffff]
Apr 30 16:10:34 nginx01-jude kernel: [    1.301618] pci_bus 0000:09: resource 2 [mem 0xe6300000-0xe63fffff 64bit pref]
Apr 30 16:10:34 nginx01-jude kernel: [    1.301733] pci_bus 0000:0a: resource 1 [mem 0xfb800000-0xfb8fffff]
Apr 30 16:10:34 nginx01-jude kernel: [    1.301832] pci_bus 0000:0a: resource 2 [mem 0xe5f00000-0xe5ffffff 64bit pref]
Apr 30 16:10:34 nginx01-jude kernel: [    1.301948] pci_bus 0000:0b: resource 0 [io  0x5000-0x5fff]
Apr 30 16:10:34 nginx01-jude kernel: [    1.302038] pci_bus 0000:0b: resource 1 [mem 0xfd300000-0xfd3fffff]
Apr 30 16:10:34 nginx01-jude kernel: [    1.302136] pci_bus 0000:0b: resource 2 [mem 0xe7a00000-0xe7afffff 64bit pref]
Apr 30 16:10:34 nginx01-jude kernel: [    1.302252] pci_bus 0000:0c: resource 0 [io  0x9000-0x9fff]
Apr 30 16:10:34 nginx01-jude kernel: [    1.302431] pci_bus 0000:0c: resource 1 [mem 0xfcf00000-0xfcffffff]
Apr 30 16:10:34 nginx01-jude kernel: [    1.302537] pci_bus 0000:0c: resource 2 [mem 0xe7600000-0xe76fffff 64bit pref]
Apr 30 16:10:34 nginx01-jude kernel: [    1.302668] pci_bus 0000:0d: resource 0 [io  0xd000-0xdfff]
Apr 30 16:10:34 nginx01-jude kernel: [    1.302758] pci_bus 0000:0d: resource 1 [mem 0xfcb00000-0xfcbfffff]
Apr 30 16:10:34 nginx01-jude kernel: [    1.302857] pci_bus 0000:0d: resource 2 [mem 0xe7200000-0xe72fffff 64bit pref]
Apr 30 16:10:34 nginx01-jude kernel: [    1.302973] pci_bus 0000:0e: resource 1 [mem 0xfc700000-0xfc7fffff]
Apr 30 16:10:34 nginx01-jude kernel: [    1.303072] pci_bus 0000:0e: resource 2 [mem 0xe6e00000-0xe6efffff 64bit pref]
Apr 30 16:10:34 nginx01-jude kernel: [    1.303187] pci_bus 0000:0f: resource 1 [mem 0xfc300000-0xfc3fffff]
Apr 30 16:10:34 nginx01-jude kernel: [    1.303286] pci_bus 0000:0f: resource 2 [mem 0xe6a00000-0xe6afffff 64bit pref]
Apr 30 16:10:34 nginx01-jude kernel: [    1.303400] pci_bus 0000:10: resource 1 [mem 0xfbf00000-0xfbffffff]
Apr 30 16:10:34 nginx01-jude kernel: [    1.303499] pci_bus 0000:10: resource 2 [mem 0xe6600000-0xe66fffff 64bit pref]
Apr 30 16:10:34 nginx01-jude kernel: [    1.303614] pci_bus 0000:11: resource 1 [mem 0xfbb00000-0xfbbfffff]
Apr 30 16:10:34 nginx01-jude kernel: [    1.303712] pci_bus 0000:11: resource 2 [mem 0xe6200000-0xe62fffff 64bit pref]
Apr 30 16:10:34 nginx01-jude kernel: [    1.303828] pci_bus 0000:12: resource 1 [mem 0xfb700000-0xfb7fffff]
Apr 30 16:10:34 nginx01-jude kernel: [    1.303926] pci_bus 0000:12: resource 2 [mem 0xe5e00000-0xe5efffff 64bit pref]
Apr 30 16:10:34 nginx01-jude kernel: [    1.304042] pci_bus 0000:13: resource 0 [io  0x6000-0x6fff]
Apr 30 16:10:34 nginx01-jude kernel: [    1.304132] pci_bus 0000:13: resource 1 [mem 0xfd200000-0xfd2fffff]
Apr 30 16:10:34 nginx01-jude kernel: [    1.304231] pci_bus 0000:13: resource 2 [mem 0xe7900000-0xe79fffff 64bit pref]
Apr 30 16:10:34 nginx01-jude kernel: [    1.304346] pci_bus 0000:14: resource 0 [io  0xa000-0xafff]
Apr 30 16:10:34 nginx01-jude kernel: [    1.304436] pci_bus 0000:14: resource 1 [mem 0xfce00000-0xfcefffff]
Apr 30 16:10:34 nginx01-jude kernel: [    1.304535] pci_bus 0000:14: resource 2 [mem 0xe7500000-0xe75fffff 64bit pref]
Apr 30 16:10:34 nginx01-jude kernel: [    1.304650] pci_bus 0000:15: resource 0 [io  0xe000-0xefff]
Apr 30 16:10:34 nginx01-jude kernel: [    1.304740] pci_bus 0000:15: resource 1 [mem 0xfca00000-0xfcafffff]
Apr 30 16:10:34 nginx01-jude kernel: [    1.304839] pci_bus 0000:15: resource 2 [mem 0xe7100000-0xe71fffff 64bit pref]
Apr 30 16:10:34 nginx01-jude kernel: [    1.304954] pci_bus 0000:16: resource 1 [mem 0xfc600000-0xfc6fffff]
Apr 30 16:10:34 nginx01-jude kernel: [    1.305053] pci_bus 0000:16: resource 2 [mem 0xe6d00000-0xe6dfffff 64bit pref]
Apr 30 16:10:34 nginx01-jude kernel: [    1.305169] pci_bus 0000:17: resource 1 [mem 0xfc200000-0xfc2fffff]
Apr 30 16:10:34 nginx01-jude kernel: [    1.305267] pci_bus 0000:17: resource 2 [mem 0xe6900000-0xe69fffff 64bit pref]
Apr 30 16:10:34 nginx01-jude kernel: [    1.305383] pci_bus 0000:18: resource 1 [mem 0xfbe00000-0xfbefffff]
Apr 30 16:10:34 nginx01-jude kernel: [    1.305481] pci_bus 0000:18: resource 2 [mem 0xe6500000-0xe65fffff 64bit pref]
Apr 30 16:10:34 nginx01-jude kernel: [    1.305597] pci_bus 0000:19: resource 1 [mem 0xfba00000-0xfbafffff]
Apr 30 16:10:34 nginx01-jude kernel: [    1.305695] pci_bus 0000:19: resource 2 [mem 0xe6100000-0xe61fffff 64bit pref]
Apr 30 16:10:34 nginx01-jude kernel: [    1.305811] pci_bus 0000:1a: resource 1 [mem 0xfb600000-0xfb6fffff]
Apr 30 16:10:34 nginx01-jude kernel: [    1.305910] pci_bus 0000:1a: resource 2 [mem 0xe5d00000-0xe5dfffff 64bit pref]
Apr 30 16:10:34 nginx01-jude kernel: [    1.306025] pci_bus 0000:1b: resource 0 [io  0x7000-0x7fff]
Apr 30 16:10:34 nginx01-jude kernel: [    1.306115] pci_bus 0000:1b: resource 1 [mem 0xfd100000-0xfd1fffff]
Apr 30 16:10:34 nginx01-jude kernel: [    1.306214] pci_bus 0000:1b: resource 2 [mem 0xe7800000-0xe78fffff 64bit pref]
Apr 30 16:10:34 nginx01-jude kernel: [    1.306329] pci_bus 0000:1c: resource 0 [io  0xb000-0xbfff]
Apr 30 16:10:34 nginx01-jude kernel: [    1.306431] pci_bus 0000:1c: resource 1 [mem 0xfcd00000-0xfcdfffff]
Apr 30 16:10:34 nginx01-jude kernel: [    1.306531] pci_bus 0000:1c: resource 2 [mem 0xe7400000-0xe74fffff 64bit pref]
Apr 30 16:10:34 nginx01-jude kernel: [    1.306659] pci_bus 0000:1d: resource 1 [mem 0xfc900000-0xfc9fffff]
Apr 30 16:10:34 nginx01-jude kernel: [    1.306759] pci_bus 0000:1d: resource 2 [mem 0xe7000000-0xe70fffff 64bit pref]
Apr 30 16:10:34 nginx01-jude kernel: [    1.306875] pci_bus 0000:1e: resource 1 [mem 0xfc500000-0xfc5fffff]
Apr 30 16:10:34 nginx01-jude kernel: [    1.306975] pci_bus 0000:1e: resource 2 [mem 0xe6c00000-0xe6cfffff 64bit pref]
Apr 30 16:10:34 nginx01-jude kernel: [    1.307091] pci_bus 0000:1f: resource 1 [mem 0xfc100000-0xfc1fffff]
Apr 30 16:10:34 nginx01-jude kernel: [    1.307189] pci_bus 0000:1f: resource 2 [mem 0xe6800000-0xe68fffff 64bit pref]
Apr 30 16:10:34 nginx01-jude kernel: [    1.307306] pci_bus 0000:20: resource 1 [mem 0xfbd00000-0xfbdfffff]
Apr 30 16:10:34 nginx01-jude kernel: [    1.307405] pci_bus 0000:20: resource 2 [mem 0xe6400000-0xe64fffff 64bit pref]
Apr 30 16:10:34 nginx01-jude kernel: [    1.307521] pci_bus 0000:21: resource 1 [mem 0xfb900000-0xfb9fffff]
Apr 30 16:10:34 nginx01-jude kernel: [    1.307620] pci_bus 0000:21: resource 2 [mem 0xe6000000-0xe60fffff 64bit pref]
Apr 30 16:10:34 nginx01-jude kernel: [    1.307736] pci_bus 0000:22: resource 1 [mem 0xfb500000-0xfb5fffff]
Apr 30 16:10:34 nginx01-jude kernel: [    1.307835] pci_bus 0000:22: resource 2 [mem 0xe5c00000-0xe5cfffff 64bit pref]
Apr 30 16:10:34 nginx01-jude kernel: [    1.308382] pci 0000:00:00.0: Limiting direct PCI/PCI transfers
Apr 30 16:10:34 nginx01-jude kernel: [    1.309110] PCI: CLS 32 bytes, default 64
Apr 30 16:10:34 nginx01-jude kernel: [    1.309320] Trying to unpack rootfs image as initramfs...
Apr 30 16:10:34 nginx01-jude kernel: [    1.314952] clocksource: tsc: mask: 0xffffffffffffffff max_cycles: 0x22821391a86, max_idle_ns: 440795325644 ns
Apr 30 16:10:34 nginx01-jude kernel: [    1.315129] clocksource: Switched to clocksource tsc
Apr 30 16:10:34 nginx01-jude kernel: [    1.315773] Initialise system trusted keyrings
Apr 30 16:10:34 nginx01-jude kernel: [    1.315875] Key type blacklist registered
Apr 30 16:10:34 nginx01-jude kernel: [    1.318698] workingset: timestamp_bits=36 max_order=19 bucket_order=0
Apr 30 16:10:34 nginx01-jude kernel: [    1.320353] zbud: loaded
Apr 30 16:10:34 nginx01-jude kernel: [    1.320719] squashfs: version 4.0 (2009/01/31) Phillip Lougher
Apr 30 16:10:34 nginx01-jude kernel: [    1.321010] fuse: init (API version 7.34)
Apr 30 16:10:34 nginx01-jude kernel: [    1.321286] integrity: Platform Keyring initialized
Apr 30 16:10:34 nginx01-jude kernel: [    1.342735] Key type asymmetric registered
Apr 30 16:10:34 nginx01-jude kernel: [    1.342825] Asymmetric key parser 'x509' registered
Apr 30 16:10:34 nginx01-jude kernel: [    1.342946] Block layer SCSI generic (bsg) driver version 0.4 loaded (major 243)
Apr 30 16:10:34 nginx01-jude kernel: [    1.346808] io scheduler mq-deadline registered
Apr 30 16:10:34 nginx01-jude kernel: [    1.347698] pcieport 0000:00:15.0: PME: Signaling with IRQ 24
Apr 30 16:10:34 nginx01-jude kernel: [    1.347908] pcieport 0000:00:15.0: pciehp: Slot #160 AttnBtn+ PwrCtrl+ MRL- AttnInd- PwrInd- HotPlug+ Surprise- Interlock- NoCompl+ IbPresDis- LLActRep+
Apr 30 16:10:34 nginx01-jude kernel: [    1.349160] pcieport 0000:00:15.1: PME: Signaling with IRQ 25
Apr 30 16:10:34 nginx01-jude kernel: [    1.349366] pcieport 0000:00:15.1: pciehp: Slot #161 AttnBtn+ PwrCtrl+ MRL- AttnInd- PwrInd- HotPlug+ Surprise- Interlock- NoCompl+ IbPresDis- LLActRep+
Apr 30 16:10:34 nginx01-jude kernel: [    1.350609] pcieport 0000:00:15.2: PME: Signaling with IRQ 26
Apr 30 16:10:34 nginx01-jude kernel: [    1.350862] pcieport 0000:00:15.2: pciehp: Slot #162 AttnBtn+ PwrCtrl+ MRL- AttnInd- PwrInd- HotPlug+ Surprise- Interlock- NoCompl+ IbPresDis- LLActRep+
Apr 30 16:10:34 nginx01-jude kernel: [    1.364222] pcieport 0000:00:15.3: PME: Signaling with IRQ 27
Apr 30 16:10:34 nginx01-jude kernel: [    1.364440] pcieport 0000:00:15.3: pciehp: Slot #163 AttnBtn+ PwrCtrl+ MRL- AttnInd- PwrInd- HotPlug+ Surprise- Interlock- NoCompl+ IbPresDis- LLActRep+
Apr 30 16:10:34 nginx01-jude kernel: [    1.365710] pcieport 0000:00:15.4: PME: Signaling with IRQ 28
Apr 30 16:10:34 nginx01-jude kernel: [    1.365918] pcieport 0000:00:15.4: pciehp: Slot #164 AttnBtn+ PwrCtrl+ MRL- AttnInd- PwrInd- HotPlug+ Surprise- Interlock- NoCompl+ IbPresDis- LLActRep+
Apr 30 16:10:34 nginx01-jude kernel: [    1.367212] pcieport 0000:00:15.5: PME: Signaling with IRQ 29
Apr 30 16:10:34 nginx01-jude kernel: [    1.367422] pcieport 0000:00:15.5: pciehp: Slot #165 AttnBtn+ PwrCtrl+ MRL- AttnInd- PwrInd- HotPlug+ Surprise- Interlock- NoCompl+ IbPresDis- LLActRep+
Apr 30 16:10:34 nginx01-jude kernel: [    1.368779] pcieport 0000:00:15.6: PME: Signaling with IRQ 30
Apr 30 16:10:34 nginx01-jude kernel: [    1.368980] pcieport 0000:00:15.6: pciehp: Slot #166 AttnBtn+ PwrCtrl+ MRL- AttnInd- PwrInd- HotPlug+ Surprise- Interlock- NoCompl+ IbPresDis- LLActRep+
Apr 30 16:10:34 nginx01-jude kernel: [    1.370225] pcieport 0000:00:15.7: PME: Signaling with IRQ 31
Apr 30 16:10:34 nginx01-jude kernel: [    1.370453] pcieport 0000:00:15.7: pciehp: Slot #167 AttnBtn+ PwrCtrl+ MRL- AttnInd- PwrInd- HotPlug+ Surprise- Interlock- NoCompl+ IbPresDis- LLActRep+
Apr 30 16:10:34 nginx01-jude kernel: [    1.371774] pcieport 0000:00:16.0: PME: Signaling with IRQ 32
Apr 30 16:10:34 nginx01-jude kernel: [    1.371979] pcieport 0000:00:16.0: pciehp: Slot #192 AttnBtn+ PwrCtrl+ MRL- AttnInd- PwrInd- HotPlug+ Surprise- Interlock- NoCompl+ IbPresDis- LLActRep+
Apr 30 16:10:34 nginx01-jude kernel: [    1.373329] pcieport 0000:00:16.1: PME: Signaling with IRQ 33
Apr 30 16:10:34 nginx01-jude kernel: [    1.373538] pcieport 0000:00:16.1: pciehp: Slot #193 AttnBtn+ PwrCtrl+ MRL- AttnInd- PwrInd- HotPlug+ Surprise- Interlock- NoCompl+ IbPresDis- LLActRep+
Apr 30 16:10:34 nginx01-jude kernel: [    1.374804] pcieport 0000:00:16.2: PME: Signaling with IRQ 34
Apr 30 16:10:34 nginx01-jude kernel: [    1.375015] pcieport 0000:00:16.2: pciehp: Slot #194 AttnBtn+ PwrCtrl+ MRL- AttnInd- PwrInd- HotPlug+ Surprise- Interlock- NoCompl+ IbPresDis- LLActRep+
Apr 30 16:10:34 nginx01-jude kernel: [    1.379908] pcieport 0000:00:16.3: PME: Signaling with IRQ 35
Apr 30 16:10:34 nginx01-jude kernel: [    1.380117] pcieport 0000:00:16.3: pciehp: Slot #195 AttnBtn+ PwrCtrl+ MRL- AttnInd- PwrInd- HotPlug+ Surprise- Interlock- NoCompl+ IbPresDis- LLActRep+
Apr 30 16:10:34 nginx01-jude kernel: [    1.381382] pcieport 0000:00:16.4: PME: Signaling with IRQ 36
Apr 30 16:10:34 nginx01-jude kernel: [    1.381586] pcieport 0000:00:16.4: pciehp: Slot #196 AttnBtn+ PwrCtrl+ MRL- AttnInd- PwrInd- HotPlug+ Surprise- Interlock- NoCompl+ IbPresDis- LLActRep+
Apr 30 16:10:34 nginx01-jude kernel: [    1.387822] pcieport 0000:00:16.5: PME: Signaling with IRQ 37
Apr 30 16:10:34 nginx01-jude kernel: [    1.388031] pcieport 0000:00:16.5: pciehp: Slot #197 AttnBtn+ PwrCtrl+ MRL- AttnInd- PwrInd- HotPlug+ Surprise- Interlock- NoCompl+ IbPresDis- LLActRep+
Apr 30 16:10:34 nginx01-jude kernel: [    1.389280] pcieport 0000:00:16.6: PME: Signaling with IRQ 38
Apr 30 16:10:34 nginx01-jude kernel: [    1.389484] pcieport 0000:00:16.6: pciehp: Slot #198 AttnBtn+ PwrCtrl+ MRL- AttnInd- PwrInd- HotPlug+ Surprise- Interlock- NoCompl+ IbPresDis- LLActRep+
Apr 30 16:10:34 nginx01-jude kernel: [    1.390766] pcieport 0000:00:16.7: PME: Signaling with IRQ 39
Apr 30 16:10:34 nginx01-jude kernel: [    1.390977] pcieport 0000:00:16.7: pciehp: Slot #199 AttnBtn+ PwrCtrl+ MRL- AttnInd- PwrInd- HotPlug+ Surprise- Interlock- NoCompl+ IbPresDis- LLActRep+
Apr 30 16:10:34 nginx01-jude kernel: [    1.396009] pcieport 0000:00:17.0: PME: Signaling with IRQ 40
Apr 30 16:10:34 nginx01-jude kernel: [    1.396262] pcieport 0000:00:17.0: pciehp: Slot #224 AttnBtn+ PwrCtrl+ MRL- AttnInd- PwrInd- HotPlug+ Surprise- Interlock- NoCompl+ IbPresDis- LLActRep+
Apr 30 16:10:34 nginx01-jude kernel: [    1.397622] pcieport 0000:00:17.1: PME: Signaling with IRQ 41
Apr 30 16:10:34 nginx01-jude kernel: [    1.397840] pcieport 0000:00:17.1: pciehp: Slot #225 AttnBtn+ PwrCtrl+ MRL- AttnInd- PwrInd- HotPlug+ Surprise- Interlock- NoCompl+ IbPresDis- LLActRep+
Apr 30 16:10:34 nginx01-jude kernel: [    1.404136] pcieport 0000:00:17.2: PME: Signaling with IRQ 42
Apr 30 16:10:34 nginx01-jude kernel: [    1.404343] pcieport 0000:00:17.2: pciehp: Slot #226 AttnBtn+ PwrCtrl+ MRL- AttnInd- PwrInd- HotPlug+ Surprise- Interlock- NoCompl+ IbPresDis- LLActRep+
Apr 30 16:10:34 nginx01-jude kernel: [    1.405743] pcieport 0000:00:17.3: PME: Signaling with IRQ 43
Apr 30 16:10:34 nginx01-jude kernel: [    1.405990] pcieport 0000:00:17.3: pciehp: Slot #227 AttnBtn+ PwrCtrl+ MRL- AttnInd- PwrInd- HotPlug+ Surprise- Interlock- NoCompl+ IbPresDis- LLActRep+
Apr 30 16:10:34 nginx01-jude kernel: [    1.407374] pcieport 0000:00:17.4: PME: Signaling with IRQ 44
Apr 30 16:10:34 nginx01-jude kernel: [    1.407588] pcieport 0000:00:17.4: pciehp: Slot #228 AttnBtn+ PwrCtrl+ MRL- AttnInd- PwrInd- HotPlug+ Surprise- Interlock- NoCompl+ IbPresDis- LLActRep+
Apr 30 16:10:34 nginx01-jude kernel: [    1.411662] pcieport 0000:00:17.5: PME: Signaling with IRQ 45
Apr 30 16:10:34 nginx01-jude kernel: [    1.411874] pcieport 0000:00:17.5: pciehp: Slot #229 AttnBtn+ PwrCtrl+ MRL- AttnInd- PwrInd- HotPlug+ Surprise- Interlock- NoCompl+ IbPresDis- LLActRep+
Apr 30 16:10:34 nginx01-jude kernel: [    1.413153] pcieport 0000:00:17.6: PME: Signaling with IRQ 46
